Archive member included to satisfy reference by file (symbol)

c:/Users/vmyhr/AppData/Roaming/Code/User/globalStorage/bmd.stm32-for-vscode/@xpack-dev-tools/arm-none-eabi-gcc/13.2.1-1.1.1/.content/bin/../lib/gcc/arm-none-eabi/13.2.1/../../../../arm-none-eabi/lib/thumb/v7e-m+fp/hard\libc_nano.a(libc_a-atexit.o)
                              c:/Users/vmyhr/AppData/Roaming/Code/User/globalStorage/bmd.stm32-for-vscode/@xpack-dev-tools/arm-none-eabi-gcc/13.2.1-1.1.1/.content/bin/../lib/gcc/arm-none-eabi/13.2.1/../../../../arm-none-eabi/lib/thumb/v7e-m+fp/hard/crt0.o (atexit)
c:/Users/vmyhr/AppData/Roaming/Code/User/globalStorage/bmd.stm32-for-vscode/@xpack-dev-tools/arm-none-eabi-gcc/13.2.1-1.1.1/.content/bin/../lib/gcc/arm-none-eabi/13.2.1/../../../../arm-none-eabi/lib/thumb/v7e-m+fp/hard\libc_nano.a(libc_a-exit.o)
                              c:/Users/vmyhr/AppData/Roaming/Code/User/globalStorage/bmd.stm32-for-vscode/@xpack-dev-tools/arm-none-eabi-gcc/13.2.1-1.1.1/.content/bin/../lib/gcc/arm-none-eabi/13.2.1/../../../../arm-none-eabi/lib/thumb/v7e-m+fp/hard/crt0.o (exit)
c:/Users/vmyhr/AppData/Roaming/Code/User/globalStorage/bmd.stm32-for-vscode/@xpack-dev-tools/arm-none-eabi-gcc/13.2.1-1.1.1/.content/bin/../lib/gcc/arm-none-eabi/13.2.1/../../../../arm-none-eabi/lib/thumb/v7e-m+fp/hard\libc_nano.a(libc_a-findfp.o)
                              c:/Users/vmyhr/AppData/Roaming/Code/User/globalStorage/bmd.stm32-for-vscode/@xpack-dev-tools/arm-none-eabi-gcc/13.2.1-1.1.1/.content/bin/../lib/gcc/arm-none-eabi/13.2.1/../../../../arm-none-eabi/lib/thumb/v7e-m+fp/hard\libc_nano.a(libc_a-exit.o) (__stdio_exit_handler)
c:/Users/vmyhr/AppData/Roaming/Code/User/globalStorage/bmd.stm32-for-vscode/@xpack-dev-tools/arm-none-eabi-gcc/13.2.1-1.1.1/.content/bin/../lib/gcc/arm-none-eabi/13.2.1/../../../../arm-none-eabi/lib/thumb/v7e-m+fp/hard\libc_nano.a(libc_a-fwalk.o)
                              c:/Users/vmyhr/AppData/Roaming/Code/User/globalStorage/bmd.stm32-for-vscode/@xpack-dev-tools/arm-none-eabi-gcc/13.2.1-1.1.1/.content/bin/../lib/gcc/arm-none-eabi/13.2.1/../../../../arm-none-eabi/lib/thumb/v7e-m+fp/hard\libc_nano.a(libc_a-findfp.o) (_fwalk_sglue)
c:/Users/vmyhr/AppData/Roaming/Code/User/globalStorage/bmd.stm32-for-vscode/@xpack-dev-tools/arm-none-eabi-gcc/13.2.1-1.1.1/.content/bin/../lib/gcc/arm-none-eabi/13.2.1/../../../../arm-none-eabi/lib/thumb/v7e-m+fp/hard\libc_nano.a(libc_a-stdio.o)
                              c:/Users/vmyhr/AppData/Roaming/Code/User/globalStorage/bmd.stm32-for-vscode/@xpack-dev-tools/arm-none-eabi-gcc/13.2.1-1.1.1/.content/bin/../lib/gcc/arm-none-eabi/13.2.1/../../../../arm-none-eabi/lib/thumb/v7e-m+fp/hard\libc_nano.a(libc_a-findfp.o) (__sread)
c:/Users/vmyhr/AppData/Roaming/Code/User/globalStorage/bmd.stm32-for-vscode/@xpack-dev-tools/arm-none-eabi-gcc/13.2.1-1.1.1/.content/bin/../lib/gcc/arm-none-eabi/13.2.1/../../../../arm-none-eabi/lib/thumb/v7e-m+fp/hard\libc_nano.a(libc_a-memset.o)
                              c:/Users/vmyhr/AppData/Roaming/Code/User/globalStorage/bmd.stm32-for-vscode/@xpack-dev-tools/arm-none-eabi-gcc/13.2.1-1.1.1/.content/bin/../lib/gcc/arm-none-eabi/13.2.1/../../../../arm-none-eabi/lib/thumb/v7e-m+fp/hard/crt0.o (memset)
c:/Users/vmyhr/AppData/Roaming/Code/User/globalStorage/bmd.stm32-for-vscode/@xpack-dev-tools/arm-none-eabi-gcc/13.2.1-1.1.1/.content/bin/../lib/gcc/arm-none-eabi/13.2.1/../../../../arm-none-eabi/lib/thumb/v7e-m+fp/hard\libc_nano.a(libc_a-closer.o)
                              c:/Users/vmyhr/AppData/Roaming/Code/User/globalStorage/bmd.stm32-for-vscode/@xpack-dev-tools/arm-none-eabi-gcc/13.2.1-1.1.1/.content/bin/../lib/gcc/arm-none-eabi/13.2.1/../../../../arm-none-eabi/lib/thumb/v7e-m+fp/hard\libc_nano.a(libc_a-stdio.o) (_close_r)
c:/Users/vmyhr/AppData/Roaming/Code/User/globalStorage/bmd.stm32-for-vscode/@xpack-dev-tools/arm-none-eabi-gcc/13.2.1-1.1.1/.content/bin/../lib/gcc/arm-none-eabi/13.2.1/../../../../arm-none-eabi/lib/thumb/v7e-m+fp/hard\libc_nano.a(libc_a-reent.o)
                              c:/Users/vmyhr/AppData/Roaming/Code/User/globalStorage/bmd.stm32-for-vscode/@xpack-dev-tools/arm-none-eabi-gcc/13.2.1-1.1.1/.content/bin/../lib/gcc/arm-none-eabi/13.2.1/../../../../arm-none-eabi/lib/thumb/v7e-m+fp/hard\libc_nano.a(libc_a-closer.o) (errno)
c:/Users/vmyhr/AppData/Roaming/Code/User/globalStorage/bmd.stm32-for-vscode/@xpack-dev-tools/arm-none-eabi-gcc/13.2.1-1.1.1/.content/bin/../lib/gcc/arm-none-eabi/13.2.1/../../../../arm-none-eabi/lib/thumb/v7e-m+fp/hard\libc_nano.a(libc_a-impure.o)
                              c:/Users/vmyhr/AppData/Roaming/Code/User/globalStorage/bmd.stm32-for-vscode/@xpack-dev-tools/arm-none-eabi-gcc/13.2.1-1.1.1/.content/bin/../lib/gcc/arm-none-eabi/13.2.1/../../../../arm-none-eabi/lib/thumb/v7e-m+fp/hard\libc_nano.a(libc_a-reent.o) (_impure_ptr)
[...]
Memory Configuration

Name             Origin             Length             Attributes
RAM              0x20000000         0x00008000         xrw
FLASH            0x08000000         0x00020000         xr
*default*        0x00000000         0xffffffff

Linker script and memory map

LOAD c:/Users/vmyhr/AppData/Roaming/Code/User/globalStorage/bmd.stm32-for-vscode/@xpack-dev-tools/arm-none-eabi-gcc/13.2.1-1.1.1/.content/bin/../lib/gcc/arm-none-eabi/13.2.1/thumb/v7e-m+fp/hard/crti.o
LOAD c:/Users/vmyhr/AppData/Roaming/Code/User/globalStorage/bmd.stm32-for-vscode/@xpack-dev-tools/arm-none-eabi-gcc/13.2.1-1.1.1/.content/bin/../lib/gcc/arm-none-eabi/13.2.1/thumb/v7e-m+fp/hard/crtbegin.o
LOAD c:/Users/vmyhr/AppData/Roaming/Code/User/globalStorage/bmd.stm32-for-vscode/@xpack-dev-tools/arm-none-eabi-gcc/13.2.1-1.1.1/.content/bin/../lib/gcc/arm-none-eabi/13.2.1/../../../../arm-none-eabi/lib/thumb/v7e-m+fp/hard/crt0.o
LOAD build/gpio.o
LOAD build/i2c.o
LOAD build/main.o
LOAD build/ms5803.o
LOAD build/spi.o
LOAD build/spi_slave_module.o
LOAD build/stm32g4xx_hal_msp.o
LOAD build/stm32g4xx_it.o
LOAD build/system_stm32g4xx.o
LOAD build/stm32g4xx_hal.o
LOAD build/stm32g4xx_hal_cortex.o
LOAD build/stm32g4xx_hal_dma.o
LOAD build/stm32g4xx_hal_dma_ex.o
LOAD build/stm32g4xx_hal_exti.o
LOAD build/stm32g4xx_hal_flash.o
LOAD build/stm32g4xx_hal_flash_ex.o
LOAD build/stm32g4xx_hal_flash_ramfunc.o
LOAD build/stm32g4xx_hal_gpio.o
LOAD build/stm32g4xx_hal_i2c.o
LOAD build/stm32g4xx_hal_i2c_ex.o
LOAD build/stm32g4xx_hal_pwr.o
LOAD build/stm32g4xx_hal_pwr_ex.o
LOAD build/stm32g4xx_hal_rcc.o
LOAD build/stm32g4xx_hal_rcc_ex.o
LOAD build/stm32g4xx_hal_spi.o
LOAD build/stm32g4xx_hal_spi_ex.o
LOAD build/stm32g4xx_hal_tim.o
LOAD build/stm32g4xx_hal_tim_ex.o
LOAD build/startup_stm32g431xx.o
LOAD c:/Users/vmyhr/AppData/Roaming/Code/User/globalStorage/bmd.stm32-for-vscode/@xpack-dev-tools/arm-none-eabi-gcc/13.2.1-1.1.1/.content/bin/../lib/gcc/arm-none-eabi/13.2.1/../../../../arm-none-eabi/lib/thumb/v7e-m+fp/hard\libc_nano.a
LOAD c:/Users/vmyhr/AppData/Roaming/Code/User/globalStorage/bmd.stm32-for-vscode/@xpack-dev-tools/arm-none-eabi-gcc/13.2.1-1.1.1/.content/bin/../lib/gcc/arm-none-eabi/13.2.1/../../../../arm-none-eabi/lib/thumb/v7e-m+fp/hard\libm.a
LOAD c:/Users/vmyhr/AppData/Roaming/Code/User/globalStorage/bmd.stm32-for-vscode/@xpack-dev-tools/arm-none-eabi-gcc/13.2.1-1.1.1/.content/bin/../lib/gcc/arm-none-eabi/13.2.1/../../../../arm-none-eabi/lib/thumb/v7e-m+fp/hard\libnosys.a
START GROUP
LOAD c:/Users/vmyhr/AppData/Roaming/Code/User/globalStorage/bmd.stm32-for-vscode/@xpack-dev-tools/arm-none-eabi-gcc/13.2.1-1.1.1/.content/bin/../lib/gcc/arm-none-eabi/13.2.1/thumb/v7e-m+fp/hard\libgcc.a
LOAD c:/Users/vmyhr/AppData/Roaming/Code/User/globalStorage/bmd.stm32-for-vscode/@xpack-dev-tools/arm-none-eabi-gcc/13.2.1-1.1.1/.content/bin/../lib/gcc/arm-none-eabi/13.2.1/../../../../arm-none-eabi/lib/thumb/v7e-m+fp/hard\libc_nano.a
END GROUP
START GROUP
LOAD c:/Users/vmyhr/AppData/Roaming/Code/User/globalStorage/bmd.stm32-for-vscode/@xpack-dev-tools/arm-none-eabi-gcc/13.2.1-1.1.1/.content/bin/../lib/gcc/arm-none-eabi/13.2.1/thumb/v7e-m+fp/hard\libgcc.a
LOAD c:/Users/vmyhr/AppData/Roaming/Code/User/globalStorage/bmd.stm32-for-vscode/@xpack-dev-tools/arm-none-eabi-gcc/13.2.1-1.1.1/.content/bin/../lib/gcc/arm-none-eabi/13.2.1/../../../../arm-none-eabi/lib/thumb/v7e-m+fp/hard\libc_nano.a
END GROUP
LOAD c:/Users/vmyhr/AppData/Roaming/Code/User/globalStorage/bmd.stm32-for-vscode/@xpack-dev-tools/arm-none-eabi-gcc/13.2.1-1.1.1/.content/bin/../lib/gcc/arm-none-eabi/13.2.1/thumb/v7e-m+fp/hard/crtend.o
LOAD c:/Users/vmyhr/AppData/Roaming/Code/User/globalStorage/bmd.stm32-for-vscode/@xpack-dev-tools/arm-none-eabi-gcc/13.2.1-1.1.1/.content/bin/../lib/gcc/arm-none-eabi/13.2.1/thumb/v7e-m+fp/hard/crtn.o
                0x20008000                        _estack = (ORIGIN (RAM) + LENGTH (RAM))
                0x00000200                        _Min_Heap_Size = 0x200
                0x00000400                        _Min_Stack_Size = 0x400

.isr_vector     0x08000000      0x1d8
                0x08000000                        . = ALIGN (0x4)
 *(.isr_vector)
 .isr_vector    0x08000000      0x1d8 build/startup_stm32g431xx.o
                0x08000000                g_pfnVectors
                0x080001d8                        . = ALIGN (0x4)

.text           0x080001d8     0x1b88
                0x080001d8                        . = ALIGN (0x4)
 *(.text)
 *(.text*)
 .text.__do_global_dtors_aux
                0x080001d8       0x24 c:/Users/vmyhr/AppData/Roaming/Code/User/globalStorage/bmd.stm32-for-vscode/@xpack-dev-tools/arm-none-eabi-gcc/13.2.1-1.1.1/.content/bin/../lib/gcc/arm-none-eabi/13.2.1/thumb/v7e-m+fp/hard/crtbegin.o
 .text.frame_dummy
                0x080001fc       0x1c c:/Users/vmyhr/AppData/Roaming/Code/User/globalStorage/bmd.stm32-for-vscode/@xpack-dev-tools/arm-none-eabi-gcc/13.2.1-1.1.1/.content/bin/../lib/gcc/arm-none-eabi/13.2.1/thumb/v7e-m+fp/hard/crtbegin.o
 .text.MX_GPIO_Init
                0x08000218       0xd0 build/gpio.o
                0x08000218                MX_GPIO_Init
 .text.MX_I2C1_Init
                0x080002e8       0x60 build/i2c.o
                0x080002e8                MX_I2C1_Init
 .text.HAL_I2C_MspInit
                0x08000348       0xb4 build/i2c.o
                0x08000348                HAL_I2C_MspInit
 .text.Error_Handler
                0x080003fc        0x4 build/main.o
                0x080003fc                Error_Handler
 .text.SystemClock_Config
                0x08000400       0x70 build/main.o
                0x08000400                SystemClock_Config
 .text.main     0x08000470       0x40 build/main.o
                0x08000470                main
 .text.MX_SPI3_Init
                0x080004b0       0x44 build/spi.o
                0x080004b0                MX_SPI3_Init
 .text.HAL_SPI_MspInit
                0x080004f4       0x64 build/spi.o
                0x080004f4                HAL_SPI_MspInit
 .text.HAL_MspInit
                0x08000558       0x30 build/stm32g4xx_hal_msp.o
                0x08000558                HAL_MspInit
 .text.NMI_Handler
                0x08000588        0x2 build/stm32g4xx_it.o
                0x08000588                NMI_Handler
 .text.HardFault_Handler
                0x0800058a        0x2 build/stm32g4xx_it.o
                0x0800058a                HardFault_Handler
 .text.MemManage_Handler
                0x0800058c        0x2 build/stm32g4xx_it.o
                0x0800058c                MemManage_Handler
 .text.BusFault_Handler
                0x0800058e        0x2 build/stm32g4xx_it.o
                0x0800058e                BusFault_Handler
 .text.UsageFault_Handler
                0x08000590        0x2 build/stm32g4xx_it.o
                0x08000590                UsageFault_Handler
 .text.SVC_Handler
                0x08000592        0x2 build/stm32g4xx_it.o
                0x08000592                SVC_Handler
 .text.DebugMon_Handler
                0x08000594        0x2 build/stm32g4xx_it.o
                0x08000594                DebugMon_Handler
 .text.PendSV_Handler
                0x08000596        0x2 build/stm32g4xx_it.o
                0x08000596                PendSV_Handler
 .text.SysTick_Handler
                0x08000598        0x8 build/stm32g4xx_it.o
                0x08000598                SysTick_Handler
 .text.EXTI15_10_IRQHandler
                0x080005a0       0x48 build/stm32g4xx_it.o
                0x080005a0                EXTI15_10_IRQHandler
 .text.SystemInit
                0x080005e8       0x14 build/system_stm32g4xx.o
                0x080005e8                SystemInit
 .text.HAL_InitTick
                0x080005fc       0x50 build/stm32g4xx_hal.o
                0x080005fc                HAL_InitTick
 .text.HAL_Init
                0x0800064c       0x1e build/stm32g4xx_hal.o
                0x0800064c                HAL_Init
 *fill*         0x0800066a        0x2 
 .text.HAL_IncTick
                0x0800066c       0x18 build/stm32g4xx_hal.o
                0x0800066c                HAL_IncTick
 .text.HAL_GetTick
                0x08000684        0xc build/stm32g4xx_hal.o
                0x08000684                HAL_GetTick
 .text.__NVIC_EnableIRQ
                0x08000690       0x1c build/stm32g4xx_hal_cortex.o
 .text.__NVIC_SetPriority
                0x080006ac       0x28 build/stm32g4xx_hal_cortex.o
 .text.NVIC_EncodePriority
                0x080006d4       0x3e build/stm32g4xx_hal_cortex.o
 *fill*         0x08000712        0x2 
 .text.HAL_NVIC_SetPriorityGrouping
                0x08000714       0x24 build/stm32g4xx_hal_cortex.o
                0x08000714                HAL_NVIC_SetPriorityGrouping
 .text.HAL_NVIC_SetPriority
                0x08000738       0x20 build/stm32g4xx_hal_cortex.o
                0x08000738                HAL_NVIC_SetPriority
 .text.HAL_NVIC_EnableIRQ
                0x08000758        0x8 build/stm32g4xx_hal_cortex.o
                0x08000758                HAL_NVIC_EnableIRQ
 .text.HAL_SYSTICK_Config
                0x08000760       0x28 build/stm32g4xx_hal_cortex.o
                0x08000760                HAL_SYSTICK_Config
 .text.HAL_GPIO_Init
                0x08000788      0x1d4 build/stm32g4xx_hal_gpio.o
                0x08000788                HAL_GPIO_Init
 .text.HAL_GPIO_WritePin
                0x0800095c        0xa build/stm32g4xx_hal_gpio.o
                0x0800095c                HAL_GPIO_WritePin
 .text.HAL_GPIO_EXTI_Callback
                0x08000966        0x2 build/stm32g4xx_hal_gpio.o
                0x08000966                HAL_GPIO_EXTI_Callback
 .text.HAL_GPIO_EXTI_IRQHandler
                0x08000968       0x1c build/stm32g4xx_hal_gpio.o
                0x08000968                HAL_GPIO_EXTI_IRQHandler
 .text.HAL_I2C_Init
                0x08000984       0xc8 build/stm32g4xx_hal_i2c.o
                0x08000984                HAL_I2C_Init
 .text.HAL_I2CEx_ConfigAnalogFilter
                0x08000a4c       0x5c build/stm32g4xx_hal_i2c_ex.o
                0x08000a4c                HAL_I2CEx_ConfigAnalogFilter
 .text.HAL_I2CEx_ConfigDigitalFilter
                0x08000aa8       0x58 build/stm32g4xx_hal_i2c_ex.o
                0x08000aa8                HAL_I2CEx_ConfigDigitalFilter
 .text.HAL_PWREx_ControlVoltageScaling
                0x08000b00      0x10c build/stm32g4xx_hal_pwr_ex.o
                0x08000b00                HAL_PWREx_ControlVoltageScaling
 .text.RCC_GetSysClockFreqFromPLLSource
                0x08000c0c       0x58 build/stm32g4xx_hal_rcc.o
 .text.HAL_RCC_OscConfig
                0x08000c64      0x4e4 build/stm32g4xx_hal_rcc.o
                0x08000c64                HAL_RCC_OscConfig
 .text.HAL_RCC_GetSysClockFreq
                0x08001148       0x88 build/stm32g4xx_hal_rcc.o
                0x08001148                HAL_RCC_GetSysClockFreq
 .text.HAL_RCC_ClockConfig
                0x080011d0      0x1f8 build/stm32g4xx_hal_rcc.o
                0x080011d0                HAL_RCC_ClockConfig
 .text.HAL_RCCEx_PeriphCLKConfig
                0x080013c8      0x2e4 build/stm32g4xx_hal_rcc_ex.o
                0x080013c8                HAL_RCCEx_PeriphCLKConfig
 .text.SPI_WaitFlagStateUntilTimeout
                0x080016ac       0xc8 build/stm32g4xx_hal_spi.o
 .text.SPI_WaitFifoStateUntilTimeout
                0x08001774       0xf0 build/stm32g4xx_hal_spi.o
 .text.SPI_EndRxTxTransaction
                0x08001864       0x62 build/stm32g4xx_hal_spi.o
 .text.HAL_SPI_Init
                0x080018c6       0xe8 build/stm32g4xx_hal_spi.o
                0x080018c6                HAL_SPI_Init
 .text.HAL_SPI_TransmitReceive
                0x080019ae      0x2ec build/stm32g4xx_hal_spi.o
                0x080019ae                HAL_SPI_TransmitReceive
 *fill*         0x08001c9a        0x2 
 .text.Reset_Handler
                0x08001c9c       0x50 build/startup_stm32g431xx.o
                0x08001c9c                Reset_Handler
 .text.Default_Handler
                0x08001cec        0x2 build/startup_stm32g431xx.o
                0x08001cec                RTC_Alarm_IRQHandler
                0x08001cec                EXTI2_IRQHandler
                0x08001cec                TIM8_TRG_COM_IRQHandler
                0x08001cec                TIM8_CC_IRQHandler
                0x08001cec                TIM1_CC_IRQHandler
                0x08001cec                USB_HP_IRQHandler
                0x08001cec                CORDIC_IRQHandler
                0x08001cec                EXTI3_IRQHandler
                0x08001cec                I2C3_ER_IRQHandler
                0x08001cec                EXTI0_IRQHandler
                0x08001cec                I2C2_EV_IRQHandler
                0x08001cec                FPU_IRQHandler
                0x08001cec                FDCAN1_IT1_IRQHandler
                0x08001cec                TIM1_UP_TIM16_IRQHandler
                0x08001cec                ADC1_2_IRQHandler
                0x08001cec                SPI1_IRQHandler
                0x08001cec                TIM6_DAC_IRQHandler
                0x08001cec                TIM8_UP_IRQHandler
                0x08001cec                DMA2_Channel2_IRQHandler
                0x08001cec                DMA1_Channel4_IRQHandler
                0x08001cec                USART3_IRQHandler
                0x08001cec                TIM4_IRQHandler
                0x08001cec                DMA2_Channel1_IRQHandler
                0x08001cec                I2C1_EV_IRQHandler
                0x08001cec                DMA1_Channel6_IRQHandler
                0x08001cec                UART4_IRQHandler
                0x08001cec                DMA2_Channel4_IRQHandler
                0x08001cec                TIM3_IRQHandler
                0x08001cec                RCC_IRQHandler
                0x08001cec                DMA1_Channel1_IRQHandler
                0x08001cec                Default_Handler
                0x08001cec                RTC_TAMP_LSECSS_IRQHandler
                0x08001cec                FMAC_IRQHandler
                0x08001cec                TIM7_IRQHandler
                0x08001cec                UCPD1_IRQHandler
                0x08001cec                I2C3_EV_IRQHandler
                0x08001cec                EXTI9_5_IRQHandler
                0x08001cec                RTC_WKUP_IRQHandler
                0x08001cec                PVD_PVM_IRQHandler
                0x08001cec                SPI2_IRQHandler
                0x08001cec                DMA2_Channel5_IRQHandler
                0x08001cec                CRS_IRQHandler
                0x08001cec                DMA1_Channel5_IRQHandler
                0x08001cec                USB_LP_IRQHandler
                0x08001cec                EXTI4_IRQHandler
                0x08001cec                RNG_IRQHandler
                0x08001cec                TIM1_TRG_COM_TIM17_IRQHandler
                0x08001cec                DMA1_Channel3_IRQHandler
                0x08001cec                WWDG_IRQHandler
                0x08001cec                LPUART1_IRQHandler
                0x08001cec                DMA2_Channel6_IRQHandler
                0x08001cec                FDCAN1_IT0_IRQHandler
                0x08001cec                TIM2_IRQHandler
                0x08001cec                COMP1_2_3_IRQHandler
                0x08001cec                EXTI1_IRQHandler
                0x08001cec                USART2_IRQHandler
                0x08001cec                I2C2_ER_IRQHandler
                0x08001cec                DMA1_Channel2_IRQHandler
                0x08001cec                TIM8_BRK_IRQHandler
                0x08001cec                FLASH_IRQHandler
                0x08001cec                USART1_IRQHandler
                0x08001cec                SPI3_IRQHandler
                0x08001cec                I2C1_ER_IRQHandler
                0x08001cec                LPTIM1_IRQHandler
                0x08001cec                DMAMUX_OVR_IRQHandler
                0x08001cec                USBWakeUp_IRQHandler
                0x08001cec                SAI1_IRQHandler
                0x08001cec                DMA2_Channel3_IRQHandler
                0x08001cec                COMP4_IRQHandler
                0x08001cec                TIM1_BRK_TIM15_IRQHandler
 .text.memset   0x08001cee       0x10 c:/Users/vmyhr/AppData/Roaming/Code/User/globalStorage/bmd.stm32-for-vscode/@xpack-dev-tools/arm-none-eabi-gcc/13.2.1-1.1.1/.content/bin/../lib/gcc/arm-none-eabi/13.2.1/../../../../arm-none-eabi/lib/thumb/v7e-m+fp/hard\libc_nano.a(libc_a-memset.o)
                0x08001cee                memset
 *fill*         0x08001cfe        0x2 
 .text.__libc_init_array
                0x08001d00       0x48 c:/Users/vmyhr/AppData/Roaming/Code/User/globalStorage/bmd.stm32-for-vscode/@xpack-dev-tools/arm-none-eabi-gcc/13.2.1-1.1.1/.content/bin/../lib/gcc/arm-none-eabi/13.2.1/../../../../arm-none-eabi/lib/thumb/v7e-m+fp/hard\libc_nano.a(libc_a-init.o)
                0x08001d00                __libc_init_array
 *(.glue_7)
 .glue_7        0x08001d48        0x0 linker stubs
 *(.glue_7t)
 .glue_7t       0x08001d48        0x0 linker stubs
 *(.eh_frame)
 .eh_frame      0x08001d48        0x0 c:/Users/vmyhr/AppData/Roaming/Code/User/globalStorage/bmd.stm32-for-vscode/@xpack-dev-tools/arm-none-eabi-gcc/13.2.1-1.1.1/.content/bin/../lib/gcc/arm-none-eabi/13.2.1/thumb/v7e-m+fp/hard/crtbegin.o
 *(.init)
 .init          0x08001d48        0x4 c:/Users/vmyhr/AppData/Roaming/Code/User/globalStorage/bmd.stm32-for-vscode/@xpack-dev-tools/arm-none-eabi-gcc/13.2.1-1.1.1/.content/bin/../lib/gcc/arm-none-eabi/13.2.1/thumb/v7e-m+fp/hard/crti.o
                0x08001d48                _init
 .init          0x08001d4c        0x8 c:/Users/vmyhr/AppData/Roaming/Code/User/globalStorage/bmd.stm32-for-vscode/@xpack-dev-tools/arm-none-eabi-gcc/13.2.1-1.1.1/.content/bin/../lib/gcc/arm-none-eabi/13.2.1/thumb/v7e-m+fp/hard/crtn.o
 *(.fini)
 .fini          0x08001d54        0x4 c:/Users/vmyhr/AppData/Roaming/Code/User/globalStorage/bmd.stm32-for-vscode/@xpack-dev-tools/arm-none-eabi-gcc/13.2.1-1.1.1/.content/bin/../lib/gcc/arm-none-eabi/13.2.1/thumb/v7e-m+fp/hard/crti.o
                0x08001d54                _fini
 .fini          0x08001d58        0x8 c:/Users/vmyhr/AppData/Roaming/Code/User/globalStorage/bmd.stm32-for-vscode/@xpack-dev-tools/arm-none-eabi-gcc/13.2.1-1.1.1/.content/bin/../lib/gcc/arm-none-eabi/13.2.1/thumb/v7e-m+fp/hard/crtn.o
                0x08001d60                        . = ALIGN (0x4)
                0x08001d60                        _etext = .

.vfp11_veneer   0x08001d60        0x0
 .vfp11_veneer  0x08001d60        0x0 linker stubs

.v4_bx          0x08001d60        0x0
 .v4_bx         0x08001d60        0x0 linker stubs

.iplt           0x08001d60        0x0
 .iplt          0x08001d60        0x0 c:/Users/vmyhr/AppData/Roaming/Code/User/globalStorage/bmd.stm32-for-vscode/@xpack-dev-tools/arm-none-eabi-gcc/13.2.1-1.1.1/.content/bin/../lib/gcc/arm-none-eabi/13.2.1/thumb/v7e-m+fp/hard/crtbegin.o

.rodata         0x08001d60       0x10
                0x08001d60                        . = ALIGN (0x4)
 *(.rodata)
 *(.rodata*)
 .rodata.AHBPrescTable
                0x08001d60       0x10 build/system_stm32g4xx.o
                0x08001d60                AHBPrescTable
                0x08001d70                        . = ALIGN (0x4)

.rel.dyn        0x08001d70        0x0
 .rel.iplt      0x08001d70        0x0 c:/Users/vmyhr/AppData/Roaming/Code/User/globalStorage/bmd.stm32-for-vscode/@xpack-dev-tools/arm-none-eabi-gcc/13.2.1-1.1.1/.content/bin/../lib/gcc/arm-none-eabi/13.2.1/thumb/v7e-m+fp/hard/crtbegin.o

.ARM.extab
 *(.ARM.extab* .gnu.linkonce.armextab.*)

.ARM            0x08001d70        0x0
                0x08001d70                        __exidx_start = .
 *(.ARM.exidx*)
                0x08001d70                        __exidx_end = .

.preinit_array  0x08001d70        0x0
                0x08001d70                        PROVIDE (__preinit_array_start = .)
 *(.preinit_array*)
                0x08001d70                        PROVIDE (__preinit_array_end = .)

.init_array     0x08001d70        0x4
                0x08001d70                        PROVIDE (__init_array_start = .)
 *(SORT_BY_NAME(.init_array.*))
 *(.init_array*)
 .init_array    0x08001d70        0x4 c:/Users/vmyhr/AppData/Roaming/Code/User/globalStorage/bmd.stm32-for-vscode/@xpack-dev-tools/arm-none-eabi-gcc/13.2.1-1.1.1/.content/bin/../lib/gcc/arm-none-eabi/13.2.1/thumb/v7e-m+fp/hard/crtbegin.o
                0x08001d74                        PROVIDE (__init_array_end = .)

.fini_array     0x08001d74        0x4
                0x08001d74                        PROVIDE (__fini_array_start = .)
 *(SORT_BY_NAME(.fini_array.*))
 *(.fini_array*)
 .fini_array    0x08001d74        0x4 c:/Users/vmyhr/AppData/Roaming/Code/User/globalStorage/bmd.stm32-for-vscode/@xpack-dev-tools/arm-none-eabi-gcc/13.2.1-1.1.1/.content/bin/../lib/gcc/arm-none-eabi/13.2.1/thumb/v7e-m+fp/hard/crtbegin.o
                0x08001d78                        PROVIDE (__fini_array_end = .)
                0x08001d78                        _sidata = LOADADDR (.data)

.data           0x20000000       0x18 load address 0x08001d78
                0x20000000                        . = ALIGN (0x4)
                0x20000000                        _sdata = .
 *(.data)
 *(.data*)
 .data.gps_data
                0x20000000        0xc build/main.o
                0x20000000                gps_data
 .data.SystemCoreClock
                0x2000000c        0x4 build/system_stm32g4xx.o
                0x2000000c                SystemCoreClock
 .data.uwTickFreq
                0x20000010        0x4 build/stm32g4xx_hal.o
                0x20000010                uwTickFreq
 .data.uwTickPrio
                0x20000014        0x4 build/stm32g4xx_hal.o
                0x20000014                uwTickPrio
                0x20000018                        . = ALIGN (0x4)
                0x20000018                        _edata = .

.igot.plt       0x20000018        0x0 load address 0x08001d90
 .igot.plt      0x20000018        0x0 c:/Users/vmyhr/AppData/Roaming/Code/User/globalStorage/bmd.stm32-for-vscode/@xpack-dev-tools/arm-none-eabi-gcc/13.2.1-1.1.1/.content/bin/../lib/gcc/arm-none-eabi/13.2.1/thumb/v7e-m+fp/hard/crtbegin.o
                0x20000018                        . = ALIGN (0x4)

.bss            0x20000018       0xe4 load address 0x08001d90
                0x20000018                        _sbss = .
                0x20000018                        __bss_start__ = _sbss
 *(.bss)
 *(.bss*)
 .bss.completed.1
                0x20000018        0x1 c:/Users/vmyhr/AppData/Roaming/Code/User/globalStorage/bmd.stm32-for-vscode/@xpack-dev-tools/arm-none-eabi-gcc/13.2.1-1.1.1/.content/bin/../lib/gcc/arm-none-eabi/13.2.1/thumb/v7e-m+fp/hard/crtbegin.o
 *fill*         0x20000019        0x3 
 .bss.object.0  0x2000001c       0x18 c:/Users/vmyhr/AppData/Roaming/Code/User/globalStorage/bmd.stm32-for-vscode/@xpack-dev-tools/arm-none-eabi-gcc/13.2.1-1.1.1/.content/bin/../lib/gcc/arm-none-eabi/13.2.1/thumb/v7e-m+fp/hard/crtbegin.o
 .bss.hi2c1     0x20000034       0x54 build/i2c.o
                0x20000034                hi2c1
 .bss.rx_data   0x20000088        0xc build/main.o
                0x20000088                rx_data
 .bss.hspi3     0x20000094       0x64 build/spi.o
                0x20000094                hspi3
 .bss.uwTick    0x200000f8        0x4 build/stm32g4xx_hal.o
                0x200000f8                uwTick
 *(COMMON)
                0x200000fc                        . = ALIGN (0x4)
                0x200000fc                        _ebss = .
                0x200000fc                        __bss_end__ = _ebss

._user_heap_stack
                0x200000fc      0x604 load address 0x08001d90
                0x20000100                        . = ALIGN (0x8)
 *fill*         0x200000fc        0x4 
                0x20000100                        PROVIDE (end = .)
                [!provide]                        PROVIDE (_end = .)
                0x20000300                        . = (. + _Min_Heap_Size)
 *fill*         0x20000100      0x200 
                0x20000700                        . = (. + _Min_Stack_Size)
 *fill*         0x20000300      0x400 
                0x20000700                        . = ALIGN (0x8)

/DISCARD/
 libc.a(*)
 libm.a(*)
 libgcc.a(*)

.ARM.attributes
                0x00000000       0x30
 *(.ARM.attributes)
 .ARM.attributes
                0x00000000       0x22 c:/Users/vmyhr/AppData/Roaming/Code/User/globalStorage/bmd.stm32-for-vscode/@xpack-dev-tools/arm-none-eabi-gcc/13.2.1-1.1.1/.content/bin/../lib/gcc/arm-none-eabi/13.2.1/thumb/v7e-m+fp/hard/crti.o
 .ARM.attributes
                0x00000022       0x34 c:/Users/vmyhr/AppData/Roaming/Code/User/globalStorage/bmd.stm32-for-vscode/@xpack-dev-tools/arm-none-eabi-gcc/13.2.1-1.1.1/.content/bin/../lib/gcc/arm-none-eabi/13.2.1/thumb/v7e-m+fp/hard/crtbegin.o
 .ARM.attributes
                0x00000056       0x34 build/gpio.o
 .ARM.attributes
                0x0000008a       0x34 build/i2c.o
 .ARM.attributes
                0x000000be       0x34 build/main.o
 .ARM.attributes
                0x000000f2       0x34 build/spi.o
 .ARM.attributes
                0x00000126       0x34 build/stm32g4xx_hal_msp.o
 .ARM.attributes
                0x0000015a       0x34 build/stm32g4xx_it.o
 .ARM.attributes
                0x0000018e       0x34 build/system_stm32g4xx.o
 .ARM.attributes
                0x000001c2       0x34 build/stm32g4xx_hal.o
 .ARM.attributes
                0x000001f6       0x34 build/stm32g4xx_hal_cortex.o
 .ARM.attributes
                0x0000022a       0x34 build/stm32g4xx_hal_gpio.o
 .ARM.attributes
                0x0000025e       0x34 build/stm32g4xx_hal_i2c.o
 .ARM.attributes
                0x00000292       0x34 build/stm32g4xx_hal_i2c_ex.o
 .ARM.attributes
                0x000002c6       0x34 build/stm32g4xx_hal_pwr_ex.o
 .ARM.attributes
                0x000002fa       0x34 build/stm32g4xx_hal_rcc.o
 .ARM.attributes
                0x0000032e       0x34 build/stm32g4xx_hal_rcc_ex.o
 .ARM.attributes
                0x00000362       0x34 build/stm32g4xx_hal_spi.o
 .ARM.attributes
                0x00000396       0x21 build/startup_stm32g431xx.o
 .ARM.attributes
                0x000003b7       0x34 c:/Users/vmyhr/AppData/Roaming/Code/User/globalStorage/bmd.stm32-for-vscode/@xpack-dev-tools/arm-none-eabi-gcc/13.2.1-1.1.1/.content/bin/../lib/gcc/arm-none-eabi/13.2.1/../../../../arm-none-eabi/lib/thumb/v7e-m+fp/hard\libc_nano.a(libc_a-memset.o)
 .ARM.attributes
                0x000003eb       0x34 c:/Users/vmyhr/AppData/Roaming/Code/User/globalStorage/bmd.stm32-for-vscode/@xpack-dev-tools/arm-none-eabi-gcc/13.2.1-1.1.1/.content/bin/../lib/gcc/arm-none-eabi/13.2.1/../../../../arm-none-eabi/lib/thumb/v7e-m+fp/hard\libc_nano.a(libc_a-init.o)
 .ARM.attributes
                0x0000041f       0x22 c:/Users/vmyhr/AppData/Roaming/Code/User/globalStorage/bmd.stm32-for-vscode/@xpack-dev-tools/arm-none-eabi-gcc/13.2.1-1.1.1/.content/bin/../lib/gcc/arm-none-eabi/13.2.1/thumb/v7e-m+fp/hard/crtn.o
OUTPUT(build/recoverybachelor.elf elf32-littlearm)
LOAD linker stubs
LOAD c:/Users/vmyhr/AppData/Roaming/Code/User/globalStorage/bmd.stm32-for-vscode/@xpack-dev-tools/arm-none-eabi-gcc/13.2.1-1.1.1/.content/bin/../lib/gcc/arm-none-eabi/13.2.1/../../../../arm-none-eabi/lib/thumb/v7e-m+fp/hard\libc.a
LOAD c:/Users/vmyhr/AppData/Roaming/Code/User/globalStorage/bmd.stm32-for-vscode/@xpack-dev-tools/arm-none-eabi-gcc/13.2.1-1.1.1/.content/bin/../lib/gcc/arm-none-eabi/13.2.1/../../../../arm-none-eabi/lib/thumb/v7e-m+fp/hard\libm.a
LOAD c:/Users/vmyhr/AppData/Roaming/Code/User/globalStorage/bmd.stm32-for-vscode/@xpack-dev-tools/arm-none-eabi-gcc/13.2.1-1.1.1/.content/bin/../lib/gcc/arm-none-eabi/13.2.1/thumb/v7e-m+fp/hard\libgcc.a

.comment        0x00000000       0x39
 .comment       0x00000000       0x39 c:/Users/vmyhr/AppData/Roaming/Code/User/globalStorage/bmd.stm32-for-vscode/@xpack-dev-tools/arm-none-eabi-gcc/13.2.1-1.1.1/.content/bin/../lib/gcc/arm-none-eabi/13.2.1/thumb/v7e-m+fp/hard/crtbegin.o
                                 0x3a (size before relaxing)
 .comment       0x00000039       0x3a build/gpio.o
 .comment       0x00000039       0x3a build/i2c.o
 .comment       0x00000039       0x3a build/main.o
 .comment       0x00000039       0x3a build/spi.o
 .comment       0x00000039       0x3a build/stm32g4xx_hal_msp.o
 .comment       0x00000039       0x3a build/stm32g4xx_it.o
 .comment       0x00000039       0x3a build/system_stm32g4xx.o
 .comment       0x00000039       0x3a build/stm32g4xx_hal.o
 .comment       0x00000039       0x3a build/stm32g4xx_hal_cortex.o
 .comment       0x00000039       0x3a build/stm32g4xx_hal_gpio.o
 .comment       0x00000039       0x3a build/stm32g4xx_hal_i2c.o
 .comment       0x00000039       0x3a build/stm32g4xx_hal_i2c_ex.o
 .comment       0x00000039       0x3a build/stm32g4xx_hal_pwr_ex.o
 .comment       0x00000039       0x3a build/stm32g4xx_hal_rcc.o
 .comment       0x00000039       0x3a build/stm32g4xx_hal_rcc_ex.o
 .comment       0x00000039       0x3a build/stm32g4xx_hal_spi.o
 .comment       0x00000039       0x3a c:/Users/vmyhr/AppData/Roaming/Code/User/globalStorage/bmd.stm32-for-vscode/@xpack-dev-tools/arm-none-eabi-gcc/13.2.1-1.1.1/.content/bin/../lib/gcc/arm-none-eabi/13.2.1/../../../../arm-none-eabi/lib/thumb/v7e-m+fp/hard\libc_nano.a(libc_a-memset.o)
 .comment       0x00000039       0x3a c:/Users/vmyhr/AppData/Roaming/Code/User/globalStorage/bmd.stm32-for-vscode/@xpack-dev-tools/arm-none-eabi-gcc/13.2.1-1.1.1/.content/bin/../lib/gcc/arm-none-eabi/13.2.1/../../../../arm-none-eabi/lib/thumb/v7e-m+fp/hard\libc_nano.a(libc_a-init.o)

.debug_info     0x00000000     0xf2e7
 .debug_info    0x00000000      0x763 build/gpio.o
 .debug_info    0x00000763      0xdb8 build/i2c.o
 .debug_info    0x0000151b      0x947 build/main.o
 .debug_info    0x00001e62      0xb49 build/spi.o
 .debug_info    0x000029ab      0x2cd build/stm32g4xx_hal_msp.o
 .debug_info    0x00002c78      0x83a build/stm32g4xx_it.o
 .debug_info    0x000034b2      0x5a3 build/system_stm32g4xx.o
 .debug_info    0x00003a55      0xb94 build/stm32g4xx_hal.o
 .debug_info    0x000045e9      0xf5e build/stm32g4xx_hal_cortex.o
 .debug_info    0x00005547      0x795 build/stm32g4xx_hal_gpio.o
 .debug_info    0x00005cdc     0x43b2 build/stm32g4xx_hal_i2c.o
 .debug_info    0x0000a08e      0xaf3 build/stm32g4xx_hal_i2c_ex.o
 .debug_info    0x0000ab81      0x9bd build/stm32g4xx_hal_pwr_ex.o
 .debug_info    0x0000b53e      0xde1 build/stm32g4xx_hal_rcc.o
 .debug_info    0x0000c31f      0xdf4 build/stm32g4xx_hal_rcc_ex.o
 .debug_info    0x0000d113     0x21a4 build/stm32g4xx_hal_spi.o
 .debug_info    0x0000f2b7       0x30 build/startup_stm32g431xx.o

.debug_abbrev   0x00000000     0x22c4
 .debug_abbrev  0x00000000      0x16d build/gpio.o
 .debug_abbrev  0x0000016d      0x229 build/i2c.o
 .debug_abbrev  0x00000396      0x2df build/main.o
 .debug_abbrev  0x00000675      0x20d build/spi.o
 .debug_abbrev  0x00000882       0xc4 build/stm32g4xx_hal_msp.o
 .debug_abbrev  0x00000946      0x1df build/stm32g4xx_it.o
 .debug_abbrev  0x00000b25      0x11e build/system_stm32g4xx.o
 .debug_abbrev  0x00000c43      0x27d build/stm32g4xx_hal.o
 .debug_abbrev  0x00000ec0      0x390 build/stm32g4xx_hal_cortex.o
 .debug_abbrev  0x00001250      0x1f9 build/stm32g4xx_hal_gpio.o
 .debug_abbrev  0x00001449      0x297 build/stm32g4xx_hal_i2c.o
 .debug_abbrev  0x000016e0      0x1c4 build/stm32g4xx_hal_i2c_ex.o
 .debug_abbrev  0x000018a4      0x249 build/stm32g4xx_hal_pwr_ex.o
 .debug_abbrev  0x00001aed      0x2ab build/stm32g4xx_hal_rcc.o
 .debug_abbrev  0x00001d98      0x27f build/stm32g4xx_hal_rcc_ex.o
 .debug_abbrev  0x00002017      0x289 build/stm32g4xx_hal_spi.o
 .debug_abbrev  0x000022a0       0x24 build/startup_stm32g431xx.o

.debug_aranges  0x00000000      0xba8
 .debug_aranges
                0x00000000       0x20 build/gpio.o
 .debug_aranges
                0x00000020       0x30 build/i2c.o
 .debug_aranges
                0x00000050       0x88 build/main.o
 .debug_aranges
                0x000000d8       0x30 build/spi.o
 .debug_aranges
                0x00000108       0x20 build/stm32g4xx_hal_msp.o
 .debug_aranges
                0x00000128       0x68 build/stm32g4xx_it.o
 .debug_aranges
                0x00000190       0x28 build/system_stm32g4xx.o
 .debug_aranges
                0x000001b8      0x148 build/stm32g4xx_hal.o
 .debug_aranges
                0x00000300       0xe0 build/stm32g4xx_hal_cortex.o
 .debug_aranges
                0x000003e0       0x58 build/stm32g4xx_hal_gpio.o
 .debug_aranges
                0x00000438      0x2a0 build/stm32g4xx_hal_i2c.o
 .debug_aranges
                0x000006d8       0x48 build/stm32g4xx_hal_i2c_ex.o
 .debug_aranges
                0x00000720      0x140 build/stm32g4xx_hal_pwr_ex.o
 .debug_aranges
                0x00000860       0x98 build/stm32g4xx_hal_rcc.o
 .debug_aranges
                0x000008f8       0xb0 build/stm32g4xx_hal_rcc_ex.o
 .debug_aranges
                0x000009a8      0x1d8 build/stm32g4xx_hal_spi.o
 .debug_aranges
                0x00000b80       0x28 build/startup_stm32g431xx.o

.debug_rnglists
                0x00000000      0x8d9
 .debug_rnglists
                0x00000000       0x14 build/gpio.o
 .debug_rnglists
                0x00000014       0x20 build/i2c.o
 .debug_rnglists
                0x00000034       0x61 build/main.o
 .debug_rnglists
                0x00000095       0x1f build/spi.o
 .debug_rnglists
                0x000000b4       0x13 build/stm32g4xx_hal_msp.o
 .debug_rnglists
                0x000000c7       0x49 build/stm32g4xx_it.o
 .debug_rnglists
                0x00000110       0x1a build/system_stm32g4xx.o
 .debug_rnglists
                0x0000012a       0xf1 build/stm32g4xx_hal.o
 .debug_rnglists
                0x0000021b       0xa3 build/stm32g4xx_hal_cortex.o
 .debug_rnglists
                0x000002be       0x3f build/stm32g4xx_hal_gpio.o
 .debug_rnglists
                0x000002fd      0x21d build/stm32g4xx_hal_i2c.o
 .debug_rnglists
                0x0000051a       0x31 build/stm32g4xx_hal_i2c_ex.o
 .debug_rnglists
                0x0000054b       0xf1 build/stm32g4xx_hal_pwr_ex.o
 .debug_rnglists
                0x0000063c       0x81 build/stm32g4xx_hal_rcc.o
 .debug_rnglists
                0x000006bd       0x92 build/stm32g4xx_hal_rcc_ex.o
 .debug_rnglists
                0x0000074f      0x171 build/stm32g4xx_hal_spi.o
 .debug_rnglists
                0x000008c0       0x19 build/startup_stm32g431xx.o

.debug_line     0x00000000     0xd996
 .debug_line    0x00000000      0x2dd build/gpio.o
 .debug_line    0x000002dd      0x439 build/i2c.o
 .debug_line    0x00000716      0x6d5 build/main.o
 .debug_line    0x00000deb      0x389 build/spi.o
 .debug_line    0x00001174      0x1fe build/stm32g4xx_hal_msp.o
 .debug_line    0x00001372      0x38e build/stm32g4xx_it.o
 .debug_line    0x00001700      0x2e8 build/system_stm32g4xx.o
 .debug_line    0x000019e8      0x779 build/stm32g4xx_hal.o
 .debug_line    0x00002161      0x87d build/stm32g4xx_hal_cortex.o
 .debug_line    0x000029de      0x754 build/stm32g4xx_hal_gpio.o
 .debug_line    0x00003132     0x4ea6 build/stm32g4xx_hal_i2c.o
 .debug_line    0x00007fd8      0x475 build/stm32g4xx_hal_i2c_ex.o
 .debug_line    0x0000844d      0xadc build/stm32g4xx_hal_pwr_ex.o
 .debug_line    0x00008f29      0xf39 build/stm32g4xx_hal_rcc.o
 .debug_line    0x00009e62     0x10c2 build/stm32g4xx_hal_rcc_ex.o
 .debug_line    0x0000af24     0x29fb build/stm32g4xx_hal_spi.o
 .debug_line    0x0000d91f       0x77 build/startup_stm32g431xx.o

.debug_str      0x00000000     0x39d7
 .debug_str     0x00000000     0x39d7 build/gpio.o
                                0x857 (size before relaxing)
 .debug_str     0x000039d7      0xb79 build/i2c.o
 .debug_str     0x000039d7      0x551 build/main.o
 .debug_str     0x000039d7      0x906 build/spi.o
 .debug_str     0x000039d7      0x311 build/stm32g4xx_hal_msp.o
 .debug_str     0x000039d7      0x7df build/stm32g4xx_it.o
 .debug_str     0x000039d7      0x3cb build/system_stm32g4xx.o
 .debug_str     0x000039d7      0xc70 build/stm32g4xx_hal.o
 .debug_str     0x000039d7      0xb8e build/stm32g4xx_hal_cortex.o
 .debug_str     0x000039d7      0x544 build/stm32g4xx_hal_gpio.o
 .debug_str     0x000039d7     0x10cb build/stm32g4xx_hal_i2c.o
 .debug_str     0x000039d7      0x9ea build/stm32g4xx_hal_i2c_ex.o
 .debug_str     0x000039d7      0x7e6 build/stm32g4xx_hal_pwr_ex.o
 .debug_str     0x000039d7      0x833 build/stm32g4xx_hal_rcc.o
 .debug_str     0x000039d7      0xa1a build/stm32g4xx_hal_rcc_ex.o
 .debug_str     0x000039d7      0xcea build/stm32g4xx_hal_spi.o
 .debug_str     0x000039d7       0x7e build/startup_stm32g431xx.o

.debug_frame    0x00000000     0x1e48
 .debug_frame   0x00000000       0x34 build/gpio.o
 .debug_frame   0x00000034       0x68 build/i2c.o
 .debug_frame   0x0000009c      0x138 build/main.o
 .debug_frame   0x000001d4       0x60 build/spi.o
 .debug_frame   0x00000234       0x28 build/stm32g4xx_hal_msp.o
 .debug_frame   0x0000025c       0xc8 build/stm32g4xx_it.o
 .debug_frame   0x00000324       0x30 build/system_stm32g4xx.o
 .debug_frame   0x00000354      0x2a4 build/stm32g4xx_hal.o
 .debug_frame   0x000005f8      0x1e4 build/stm32g4xx_hal_cortex.o
 .debug_frame   0x000007dc       0xd0 build/stm32g4xx_hal_gpio.o
 .debug_frame   0x000008ac      0x984 build/stm32g4xx_hal_i2c.o
 .debug_frame   0x00001230       0x80 build/stm32g4xx_hal_i2c_ex.o
 .debug_frame   0x000012b0      0x268 build/stm32g4xx_hal_pwr_ex.o
 .debug_frame   0x00001518      0x198 build/stm32g4xx_hal_rcc.o
 .debug_frame   0x000016b0      0x1a0 build/stm32g4xx_hal_rcc_ex.o
 .debug_frame   0x00001850      0x5f8 build/stm32g4xx_hal_spi.o

.debug_loclists
                0x00000000     0x7d2f
 .debug_loclists
                0x00000000       0x85 build/i2c.o
 .debug_loclists
                0x00000085      0x151 build/main.o
 .debug_loclists
                0x000001d6       0x74 build/spi.o
 .debug_loclists
                0x0000024a       0x65 build/system_stm32g4xx.o
 .debug_loclists
                0x000002af      0x14d build/stm32g4xx_hal.o
 .debug_loclists
                0x000003fc      0x545 build/stm32g4xx_hal_cortex.o
 .debug_loclists
                0x00000941      0x291 build/stm32g4xx_hal_gpio.o
 .debug_loclists
                0x00000bd2     0x3be9 build/stm32g4xx_hal_i2c.o
 .debug_loclists
                0x000047bb      0x129 build/stm32g4xx_hal_i2c_ex.o
 .debug_loclists
                0x000048e4      0x703 build/stm32g4xx_hal_pwr_ex.o
 .debug_loclists
                0x00004fe7      0x5aa build/stm32g4xx_hal_rcc.o
 .debug_loclists
                0x00005591      0xd93 build/stm32g4xx_hal_rcc_ex.o
 .debug_loclists
                0x00006324     0x1a0b build/stm32g4xx_hal_spi.o

.debug_line_str
                0x00000000       0x62
 .debug_line_str
                0x00000000       0x62 build/startup_stm32g431xx.o

Cross Reference Table

Symbol                                            File
ADC1_2_IRQHandler                                 build/startup_stm32g431xx.o
AHBPrescTable                                     build/system_stm32g4xx.o
                                                  build/stm32g4xx_hal_rcc.o
APBPrescTable                                     build/system_stm32g4xx.o
                                                  build/stm32g4xx_hal_rcc.o
BusFault_Handler                                  build/stm32g4xx_it.o
COMP1_2_3_IRQHandler                              build/startup_stm32g431xx.o
COMP4_IRQHandler                                  build/startup_stm32g431xx.o
CORDIC_IRQHandler                                 build/startup_stm32g431xx.o
CRS_IRQHandler                                    build/startup_stm32g431xx.o
DMA1_Channel1_IRQHandler                          build/startup_stm32g431xx.o
DMA1_Channel2_IRQHandler                          build/startup_stm32g431xx.o
DMA1_Channel3_IRQHandler                          build/startup_stm32g431xx.o
DMA1_Channel4_IRQHandler                          build/startup_stm32g431xx.o
DMA1_Channel5_IRQHandler                          build/startup_stm32g431xx.o
DMA1_Channel6_IRQHandler                          build/startup_stm32g431xx.o
DMA2_Channel1_IRQHandler                          build/startup_stm32g431xx.o
DMA2_Channel2_IRQHandler                          build/startup_stm32g431xx.o
DMA2_Channel3_IRQHandler                          build/startup_stm32g431xx.o
DMA2_Channel4_IRQHandler                          build/startup_stm32g431xx.o
DMA2_Channel5_IRQHandler                          build/startup_stm32g431xx.o
DMA2_Channel6_IRQHandler                          build/startup_stm32g431xx.o
DMAMUX_OVR_IRQHandler                             build/startup_stm32g431xx.o
DebugMon_Handler                                  build/stm32g4xx_it.o
Default_Handler                                   build/startup_stm32g431xx.o
EXTI0_IRQHandler                                  build/startup_stm32g431xx.o
EXTI15_10_IRQHandler                              build/stm32g4xx_it.o
EXTI1_IRQHandler                                  build/startup_stm32g431xx.o
EXTI2_IRQHandler                                  build/startup_stm32g431xx.o
EXTI3_IRQHandler                                  build/startup_stm32g431xx.o
EXTI4_IRQHandler                                  build/startup_stm32g431xx.o
EXTI9_5_IRQHandler                                build/startup_stm32g431xx.o
Error_Handler                                     build/main.o
                                                  build/spi.o
                                                  build/i2c.o
FDCAN1_IT0_IRQHandler                             build/startup_stm32g431xx.o
FDCAN1_IT1_IRQHandler                             build/startup_stm32g431xx.o
FLASH_FlushCaches                                 build/stm32g4xx_hal_flash_ex.o
                                                  build/stm32g4xx_hal_flash.o
FLASH_IRQHandler                                  build/startup_stm32g431xx.o
FLASH_PageErase                                   build/stm32g4xx_hal_flash_ex.o
                                                  build/stm32g4xx_hal_flash.o
FLASH_WaitForLastOperation                        build/stm32g4xx_hal_flash.o
                                                  build/stm32g4xx_hal_flash_ex.o
FMAC_IRQHandler                                   build/startup_stm32g431xx.o
FPU_IRQHandler                                    build/startup_stm32g431xx.o
HAL_DBGMCU_DisableDBGSleepMode                    build/stm32g4xx_hal.o
HAL_DBGMCU_DisableDBGStandbyMode                  build/stm32g4xx_hal.o
HAL_DBGMCU_DisableDBGStopMode                     build/stm32g4xx_hal.o
HAL_DBGMCU_EnableDBGSleepMode                     build/stm32g4xx_hal.o
HAL_DBGMCU_EnableDBGStandbyMode                   build/stm32g4xx_hal.o
HAL_DBGMCU_EnableDBGStopMode                      build/stm32g4xx_hal.o
HAL_DMAEx_ConfigMuxRequestGenerator               build/stm32g4xx_hal_dma_ex.o
HAL_DMAEx_ConfigMuxSync                           build/stm32g4xx_hal_dma_ex.o
HAL_DMAEx_DisableMuxRequestGenerator              build/stm32g4xx_hal_dma_ex.o
HAL_DMAEx_EnableMuxRequestGenerator               build/stm32g4xx_hal_dma_ex.o
HAL_DMAEx_MUX_IRQHandler                          build/stm32g4xx_hal_dma_ex.o
HAL_DMA_Abort                                     build/stm32g4xx_hal_dma.o
                                                  build/stm32g4xx_hal_spi.o
HAL_DMA_Abort_IT                                  build/stm32g4xx_hal_dma.o
                                                  build/stm32g4xx_hal_spi.o
                                                  build/stm32g4xx_hal_i2c.o
HAL_DMA_DeInit                                    build/stm32g4xx_hal_dma.o
HAL_DMA_GetError                                  build/stm32g4xx_hal_dma.o
HAL_DMA_GetState                                  build/stm32g4xx_hal_dma.o
                                                  build/stm32g4xx_hal_i2c.o
HAL_DMA_IRQHandler                                build/stm32g4xx_hal_dma.o
HAL_DMA_Init                                      build/stm32g4xx_hal_dma.o
HAL_DMA_PollForTransfer                           build/stm32g4xx_hal_dma.o
HAL_DMA_RegisterCallback                          build/stm32g4xx_hal_dma.o
HAL_DMA_Start                                     build/stm32g4xx_hal_dma.o
HAL_DMA_Start_IT                                  build/stm32g4xx_hal_dma.o
                                                  build/stm32g4xx_hal_spi.o
                                                  build/stm32g4xx_hal_i2c.o
HAL_DMA_UnRegisterCallback                        build/stm32g4xx_hal_dma.o
HAL_DeInit                                        build/stm32g4xx_hal.o
HAL_Delay                                         build/stm32g4xx_hal.o
                                                  build/ms5803.o
HAL_EXTI_ClearConfigLine                          build/stm32g4xx_hal_exti.o
HAL_EXTI_ClearPending                             build/stm32g4xx_hal_exti.o
HAL_EXTI_GenerateSWI                              build/stm32g4xx_hal_exti.o
HAL_EXTI_GetConfigLine                            build/stm32g4xx_hal_exti.o
HAL_EXTI_GetHandle                                build/stm32g4xx_hal_exti.o
HAL_EXTI_GetPending                               build/stm32g4xx_hal_exti.o
HAL_EXTI_IRQHandler                               build/stm32g4xx_hal_exti.o
HAL_EXTI_RegisterCallback                         build/stm32g4xx_hal_exti.o
HAL_EXTI_SetConfigLine                            build/stm32g4xx_hal_exti.o
HAL_FLASHEx_DisableDebugger                       build/stm32g4xx_hal_flash_ex.o
HAL_FLASHEx_DisableRunPowerDown                   build/stm32g4xx_hal_flash_ramfunc.o
HAL_FLASHEx_EnableDebugger                        build/stm32g4xx_hal_flash_ex.o
HAL_FLASHEx_EnableRunPowerDown                    build/stm32g4xx_hal_flash_ramfunc.o
HAL_FLASHEx_EnableSecMemProtection                build/stm32g4xx_hal_flash_ex.o
HAL_FLASHEx_Erase                                 build/stm32g4xx_hal_flash_ex.o
HAL_FLASHEx_Erase_IT                              build/stm32g4xx_hal_flash_ex.o
HAL_FLASHEx_OBGetConfig                           build/stm32g4xx_hal_flash_ex.o
HAL_FLASHEx_OBProgram                             build/stm32g4xx_hal_flash_ex.o
HAL_FLASH_EndOfOperationCallback                  build/stm32g4xx_hal_flash.o
HAL_FLASH_GetError                                build/stm32g4xx_hal_flash.o
HAL_FLASH_IRQHandler                              build/stm32g4xx_hal_flash.o
HAL_FLASH_Lock                                    build/stm32g4xx_hal_flash.o
HAL_FLASH_OB_Launch                               build/stm32g4xx_hal_flash.o
HAL_FLASH_OB_Lock                                 build/stm32g4xx_hal_flash.o
HAL_FLASH_OB_Unlock                               build/stm32g4xx_hal_flash.o
HAL_FLASH_OperationErrorCallback                  build/stm32g4xx_hal_flash.o
HAL_FLASH_Program                                 build/stm32g4xx_hal_flash.o
HAL_FLASH_Program_IT                              build/stm32g4xx_hal_flash.o
HAL_FLASH_Unlock                                  build/stm32g4xx_hal_flash.o
HAL_GPIO_DeInit                                   build/stm32g4xx_hal_gpio.o
                                                  build/spi.o
                                                  build/i2c.o
HAL_GPIO_EXTI_Callback                            build/stm32g4xx_hal_gpio.o
HAL_GPIO_EXTI_IRQHandler                          build/stm32g4xx_hal_gpio.o
                                                  build/stm32g4xx_it.o
HAL_GPIO_Init                                     build/stm32g4xx_hal_gpio.o
                                                  build/stm32g4xx_hal_rcc_ex.o
                                                  build/stm32g4xx_hal_rcc.o
                                                  build/spi.o
                                                  build/i2c.o
                                                  build/gpio.o
HAL_GPIO_LockPin                                  build/stm32g4xx_hal_gpio.o
HAL_GPIO_ReadPin                                  build/stm32g4xx_hal_gpio.o
HAL_GPIO_TogglePin                                build/stm32g4xx_hal_gpio.o
HAL_GPIO_WritePin                                 build/stm32g4xx_hal_gpio.o
                                                  build/gpio.o
HAL_GetDEVID                                      build/stm32g4xx_hal.o
HAL_GetHalVersion                                 build/stm32g4xx_hal.o
HAL_GetREVID                                      build/stm32g4xx_hal.o
HAL_GetTick                                       build/stm32g4xx_hal.o
                                                  build/stm32g4xx_hal_spi.o
                                                  build/stm32g4xx_hal_rcc_ex.o
                                                  build/stm32g4xx_hal_rcc.o
                                                  build/stm32g4xx_hal_i2c.o
                                                  build/stm32g4xx_hal_flash.o
                                                  build/stm32g4xx_hal_dma.o
HAL_GetTickFreq                                   build/stm32g4xx_hal.o
HAL_GetTickPrio                                   build/stm32g4xx_hal.o
HAL_GetUIDw0                                      build/stm32g4xx_hal.o
HAL_GetUIDw1                                      build/stm32g4xx_hal.o
HAL_GetUIDw2                                      build/stm32g4xx_hal.o
HAL_I2CEx_ConfigAnalogFilter                      build/stm32g4xx_hal_i2c_ex.o
                                                  build/i2c.o
HAL_I2CEx_ConfigDigitalFilter                     build/stm32g4xx_hal_i2c_ex.o
                                                  build/i2c.o
HAL_I2CEx_DisableFastModePlus                     build/stm32g4xx_hal_i2c_ex.o
HAL_I2CEx_DisableWakeUp                           build/stm32g4xx_hal_i2c_ex.o
HAL_I2CEx_EnableFastModePlus                      build/stm32g4xx_hal_i2c_ex.o
HAL_I2CEx_EnableWakeUp                            build/stm32g4xx_hal_i2c_ex.o
HAL_I2C_AbortCpltCallback                         build/stm32g4xx_hal_i2c.o
HAL_I2C_AddrCallback                              build/stm32g4xx_hal_i2c.o
HAL_I2C_DeInit                                    build/stm32g4xx_hal_i2c.o
HAL_I2C_DisableListen_IT                          build/stm32g4xx_hal_i2c.o
HAL_I2C_ER_IRQHandler                             build/stm32g4xx_hal_i2c.o
HAL_I2C_EV_IRQHandler                             build/stm32g4xx_hal_i2c.o
HAL_I2C_EnableListen_IT                           build/stm32g4xx_hal_i2c.o
HAL_I2C_ErrorCallback                             build/stm32g4xx_hal_i2c.o
HAL_I2C_GetError                                  build/stm32g4xx_hal_i2c.o
HAL_I2C_GetMode                                   build/stm32g4xx_hal_i2c.o
HAL_I2C_GetState                                  build/stm32g4xx_hal_i2c.o
HAL_I2C_Init                                      build/stm32g4xx_hal_i2c.o
                                                  build/i2c.o
HAL_I2C_IsDeviceReady                             build/stm32g4xx_hal_i2c.o
HAL_I2C_ListenCpltCallback                        build/stm32g4xx_hal_i2c.o
HAL_I2C_MasterRxCpltCallback                      build/stm32g4xx_hal_i2c.o
HAL_I2C_MasterTxCpltCallback                      build/stm32g4xx_hal_i2c.o
HAL_I2C_Master_Abort_IT                           build/stm32g4xx_hal_i2c.o
HAL_I2C_Master_Receive                            build/stm32g4xx_hal_i2c.o
                                                  build/ms5803.o
HAL_I2C_Master_Receive_DMA                        build/stm32g4xx_hal_i2c.o
HAL_I2C_Master_Receive_IT                         build/stm32g4xx_hal_i2c.o
HAL_I2C_Master_Seq_Receive_DMA                    build/stm32g4xx_hal_i2c.o
HAL_I2C_Master_Seq_Receive_IT                     build/stm32g4xx_hal_i2c.o
HAL_I2C_Master_Seq_Transmit_DMA                   build/stm32g4xx_hal_i2c.o
HAL_I2C_Master_Seq_Transmit_IT                    build/stm32g4xx_hal_i2c.o
HAL_I2C_Master_Transmit                           build/stm32g4xx_hal_i2c.o
                                                  build/ms5803.o
HAL_I2C_Master_Transmit_DMA                       build/stm32g4xx_hal_i2c.o
HAL_I2C_Master_Transmit_IT                        build/stm32g4xx_hal_i2c.o
HAL_I2C_MemRxCpltCallback                         build/stm32g4xx_hal_i2c.o
HAL_I2C_MemTxCpltCallback                         build/stm32g4xx_hal_i2c.o
HAL_I2C_Mem_Read                                  build/stm32g4xx_hal_i2c.o
HAL_I2C_Mem_Read_DMA                              build/stm32g4xx_hal_i2c.o
HAL_I2C_Mem_Read_IT                               build/stm32g4xx_hal_i2c.o
HAL_I2C_Mem_Write                                 build/stm32g4xx_hal_i2c.o
HAL_I2C_Mem_Write_DMA                             build/stm32g4xx_hal_i2c.o
HAL_I2C_Mem_Write_IT                              build/stm32g4xx_hal_i2c.o
HAL_I2C_MspDeInit                                 build/i2c.o
HAL_I2C_MspInit                                   build/i2c.o
HAL_I2C_SlaveRxCpltCallback                       build/stm32g4xx_hal_i2c.o
HAL_I2C_SlaveTxCpltCallback                       build/stm32g4xx_hal_i2c.o
HAL_I2C_Slave_Receive                             build/stm32g4xx_hal_i2c.o
HAL_I2C_Slave_Receive_DMA                         build/stm32g4xx_hal_i2c.o
HAL_I2C_Slave_Receive_IT                          build/stm32g4xx_hal_i2c.o
HAL_I2C_Slave_Seq_Receive_DMA                     build/stm32g4xx_hal_i2c.o
HAL_I2C_Slave_Seq_Receive_IT                      build/stm32g4xx_hal_i2c.o
HAL_I2C_Slave_Seq_Transmit_DMA                    build/stm32g4xx_hal_i2c.o
HAL_I2C_Slave_Seq_Transmit_IT                     build/stm32g4xx_hal_i2c.o
HAL_I2C_Slave_Transmit                            build/stm32g4xx_hal_i2c.o
HAL_I2C_Slave_Transmit_DMA                        build/stm32g4xx_hal_i2c.o
HAL_I2C_Slave_Transmit_IT                         build/stm32g4xx_hal_i2c.o
HAL_IncTick                                       build/stm32g4xx_hal.o
                                                  build/stm32g4xx_it.o
HAL_Init                                          build/stm32g4xx_hal.o
                                                  build/main.o
HAL_InitTick                                      build/stm32g4xx_hal.o
                                                  build/stm32g4xx_hal_rcc.o
HAL_MPU_ConfigRegion                              build/stm32g4xx_hal_cortex.o
HAL_MPU_Disable                                   build/stm32g4xx_hal_cortex.o
HAL_MPU_Enable                                    build/stm32g4xx_hal_cortex.o
HAL_MspDeInit                                     build/stm32g4xx_hal.o
HAL_MspInit                                       build/stm32g4xx_hal_msp.o
HAL_NVIC_ClearPendingIRQ                          build/stm32g4xx_hal_cortex.o
HAL_NVIC_DisableIRQ                               build/stm32g4xx_hal_cortex.o
HAL_NVIC_EnableIRQ                                build/stm32g4xx_hal_cortex.o
                                                  build/gpio.o
HAL_NVIC_GetActive                                build/stm32g4xx_hal_cortex.o
HAL_NVIC_GetPendingIRQ                            build/stm32g4xx_hal_cortex.o
HAL_NVIC_GetPriority                              build/stm32g4xx_hal_cortex.o
HAL_NVIC_GetPriorityGrouping                      build/stm32g4xx_hal_cortex.o
HAL_NVIC_SetPendingIRQ                            build/stm32g4xx_hal_cortex.o
HAL_NVIC_SetPriority                              build/stm32g4xx_hal_cortex.o
                                                  build/stm32g4xx_hal.o
                                                  build/gpio.o
HAL_NVIC_SetPriorityGrouping                      build/stm32g4xx_hal_cortex.o
                                                  build/stm32g4xx_hal.o
HAL_NVIC_SystemReset                              build/stm32g4xx_hal_cortex.o
HAL_PWREx_ConfigPVM                               build/stm32g4xx_hal_pwr_ex.o
HAL_PWREx_ControlVoltageScaling                   build/stm32g4xx_hal_pwr_ex.o
                                                  build/main.o
HAL_PWREx_DisableBatteryCharging                  build/stm32g4xx_hal_pwr_ex.o
HAL_PWREx_DisableGPIOPullDown                     build/stm32g4xx_hal_pwr_ex.o
HAL_PWREx_DisableGPIOPullUp                       build/stm32g4xx_hal_pwr_ex.o
HAL_PWREx_DisableInternalWakeUpLine               build/stm32g4xx_hal_pwr_ex.o
HAL_PWREx_DisableLowPowerRunMode                  build/stm32g4xx_hal_pwr_ex.o
                                                  build/stm32g4xx_hal_pwr.o
HAL_PWREx_DisablePVM1                             build/stm32g4xx_hal_pwr_ex.o
HAL_PWREx_DisablePVM2                             build/stm32g4xx_hal_pwr_ex.o
HAL_PWREx_DisablePVM3                             build/stm32g4xx_hal_pwr_ex.o
HAL_PWREx_DisablePVM4                             build/stm32g4xx_hal_pwr_ex.o
HAL_PWREx_DisablePullUpPullDownConfig             build/stm32g4xx_hal_pwr_ex.o
HAL_PWREx_DisableSRAM2ContentRetention            build/stm32g4xx_hal_pwr_ex.o
HAL_PWREx_DisableUCPDDeadBattery                  build/stm32g4xx_hal_pwr_ex.o
HAL_PWREx_DisableUCPDStandbyMode                  build/stm32g4xx_hal_pwr_ex.o
HAL_PWREx_EnableBatteryCharging                   build/stm32g4xx_hal_pwr_ex.o
HAL_PWREx_EnableGPIOPullDown                      build/stm32g4xx_hal_pwr_ex.o
HAL_PWREx_EnableGPIOPullUp                        build/stm32g4xx_hal_pwr_ex.o
HAL_PWREx_EnableInternalWakeUpLine                build/stm32g4xx_hal_pwr_ex.o
HAL_PWREx_EnableLowPowerRunMode                   build/stm32g4xx_hal_pwr_ex.o
                                                  build/stm32g4xx_hal_pwr.o
HAL_PWREx_EnablePVM1                              build/stm32g4xx_hal_pwr_ex.o
HAL_PWREx_EnablePVM2                              build/stm32g4xx_hal_pwr_ex.o
HAL_PWREx_EnablePVM3                              build/stm32g4xx_hal_pwr_ex.o
HAL_PWREx_EnablePVM4                              build/stm32g4xx_hal_pwr_ex.o
HAL_PWREx_EnablePullUpPullDownConfig              build/stm32g4xx_hal_pwr_ex.o
HAL_PWREx_EnableSRAM2ContentRetention             build/stm32g4xx_hal_pwr_ex.o
HAL_PWREx_EnableUCPDDeadBattery                   build/stm32g4xx_hal_pwr_ex.o
HAL_PWREx_EnableUCPDStandbyMode                   build/stm32g4xx_hal_pwr_ex.o
HAL_PWREx_EnterSHUTDOWNMode                       build/stm32g4xx_hal_pwr_ex.o
HAL_PWREx_EnterSTOP0Mode                          build/stm32g4xx_hal_pwr_ex.o
                                                  build/stm32g4xx_hal_pwr.o
HAL_PWREx_EnterSTOP1Mode                          build/stm32g4xx_hal_pwr_ex.o
                                                  build/stm32g4xx_hal_pwr.o
HAL_PWREx_GetVoltageRange                         build/stm32g4xx_hal_pwr_ex.o
HAL_PWREx_PVD_PVM_IRQHandler                      build/stm32g4xx_hal_pwr_ex.o
HAL_PWREx_PVM1Callback                            build/stm32g4xx_hal_pwr_ex.o
HAL_PWREx_PVM2Callback                            build/stm32g4xx_hal_pwr_ex.o
HAL_PWREx_PVM3Callback                            build/stm32g4xx_hal_pwr_ex.o
HAL_PWREx_PVM4Callback                            build/stm32g4xx_hal_pwr_ex.o
HAL_PWR_ConfigPVD                                 build/stm32g4xx_hal_pwr.o
HAL_PWR_DeInit                                    build/stm32g4xx_hal_pwr.o
HAL_PWR_DisableBkUpAccess                         build/stm32g4xx_hal_pwr.o
                                                  build/stm32g4xx_hal_rcc_ex.o
HAL_PWR_DisablePVD                                build/stm32g4xx_hal_pwr.o
HAL_PWR_DisableSEVOnPend                          build/stm32g4xx_hal_pwr.o
HAL_PWR_DisableSleepOnExit                        build/stm32g4xx_hal_pwr.o
HAL_PWR_DisableWakeUpPin                          build/stm32g4xx_hal_pwr.o
HAL_PWR_EnableBkUpAccess                          build/stm32g4xx_hal_pwr.o
                                                  build/stm32g4xx_hal_rcc_ex.o
HAL_PWR_EnablePVD                                 build/stm32g4xx_hal_pwr.o
HAL_PWR_EnableSEVOnPend                           build/stm32g4xx_hal_pwr.o
HAL_PWR_EnableSleepOnExit                         build/stm32g4xx_hal_pwr.o
HAL_PWR_EnableWakeUpPin                           build/stm32g4xx_hal_pwr.o
HAL_PWR_EnterSLEEPMode                            build/stm32g4xx_hal_pwr.o
HAL_PWR_EnterSTANDBYMode                          build/stm32g4xx_hal_pwr.o
HAL_PWR_EnterSTOPMode                             build/stm32g4xx_hal_pwr.o
HAL_PWR_PVDCallback                               build/stm32g4xx_hal_pwr.o
                                                  build/stm32g4xx_hal_pwr_ex.o
HAL_RCCEx_CRSConfig                               build/stm32g4xx_hal_rcc_ex.o
HAL_RCCEx_CRSGetSynchronizationInfo               build/stm32g4xx_hal_rcc_ex.o
HAL_RCCEx_CRSSoftwareSynchronizationGenerate      build/stm32g4xx_hal_rcc_ex.o
HAL_RCCEx_CRSWaitSynchronization                  build/stm32g4xx_hal_rcc_ex.o
HAL_RCCEx_CRS_ErrorCallback                       build/stm32g4xx_hal_rcc_ex.o
HAL_RCCEx_CRS_ExpectedSyncCallback                build/stm32g4xx_hal_rcc_ex.o
HAL_RCCEx_CRS_IRQHandler                          build/stm32g4xx_hal_rcc_ex.o
HAL_RCCEx_CRS_SyncOkCallback                      build/stm32g4xx_hal_rcc_ex.o
HAL_RCCEx_CRS_SyncWarnCallback                    build/stm32g4xx_hal_rcc_ex.o
HAL_RCCEx_DisableLSCO                             build/stm32g4xx_hal_rcc_ex.o
HAL_RCCEx_DisableLSECSS                           build/stm32g4xx_hal_rcc_ex.o
HAL_RCCEx_EnableLSCO                              build/stm32g4xx_hal_rcc_ex.o
HAL_RCCEx_EnableLSECSS                            build/stm32g4xx_hal_rcc_ex.o
HAL_RCCEx_EnableLSECSS_IT                         build/stm32g4xx_hal_rcc_ex.o
HAL_RCCEx_GetPeriphCLKConfig                      build/stm32g4xx_hal_rcc_ex.o
HAL_RCCEx_GetPeriphCLKFreq                        build/stm32g4xx_hal_rcc_ex.o
HAL_RCCEx_LSECSS_Callback                         build/stm32g4xx_hal_rcc_ex.o
HAL_RCCEx_LSECSS_IRQHandler                       build/stm32g4xx_hal_rcc_ex.o
HAL_RCCEx_PeriphCLKConfig                         build/stm32g4xx_hal_rcc_ex.o
                                                  build/i2c.o
HAL_RCC_CSSCallback                               build/stm32g4xx_hal_rcc.o
HAL_RCC_ClockConfig                               build/stm32g4xx_hal_rcc.o
                                                  build/main.o
HAL_RCC_DeInit                                    build/stm32g4xx_hal_rcc.o
HAL_RCC_DisableLSECSS                             build/stm32g4xx_hal_rcc.o
HAL_RCC_EnableCSS                                 build/stm32g4xx_hal_rcc.o
HAL_RCC_EnableLSECSS                              build/stm32g4xx_hal_rcc.o
HAL_RCC_GetClockConfig                            build/stm32g4xx_hal_rcc.o
HAL_RCC_GetHCLKFreq                               build/stm32g4xx_hal_rcc.o
HAL_RCC_GetOscConfig                              build/stm32g4xx_hal_rcc.o
HAL_RCC_GetPCLK1Freq                              build/stm32g4xx_hal_rcc.o
                                                  build/stm32g4xx_hal_rcc_ex.o
HAL_RCC_GetPCLK2Freq                              build/stm32g4xx_hal_rcc.o
                                                  build/stm32g4xx_hal_rcc_ex.o
HAL_RCC_GetSysClockFreq                           build/stm32g4xx_hal_rcc.o
                                                  build/stm32g4xx_hal_rcc_ex.o
HAL_RCC_MCOConfig                                 build/stm32g4xx_hal_rcc.o
HAL_RCC_NMI_IRQHandler                            build/stm32g4xx_hal_rcc.o
HAL_RCC_OscConfig                                 build/stm32g4xx_hal_rcc.o
                                                  build/main.o
HAL_ResumeTick                                    build/stm32g4xx_hal.o
HAL_SPIEx_FlushRxFifo                             build/stm32g4xx_hal_spi_ex.o
HAL_SPI_Abort                                     build/stm32g4xx_hal_spi.o
HAL_SPI_AbortCpltCallback                         build/stm32g4xx_hal_spi.o
HAL_SPI_Abort_IT                                  build/stm32g4xx_hal_spi.o
HAL_SPI_DMAPause                                  build/stm32g4xx_hal_spi.o
HAL_SPI_DMAResume                                 build/stm32g4xx_hal_spi.o
HAL_SPI_DMAStop                                   build/stm32g4xx_hal_spi.o
HAL_SPI_DeInit                                    build/stm32g4xx_hal_spi.o
HAL_SPI_ErrorCallback                             build/stm32g4xx_hal_spi.o
HAL_SPI_GetError                                  build/stm32g4xx_hal_spi.o
HAL_SPI_GetState                                  build/stm32g4xx_hal_spi.o
HAL_SPI_IRQHandler                                build/stm32g4xx_hal_spi.o
HAL_SPI_Init                                      build/stm32g4xx_hal_spi.o
                                                  build/spi.o
HAL_SPI_MspDeInit                                 build/spi.o
HAL_SPI_MspInit                                   build/spi.o
HAL_SPI_Receive                                   build/stm32g4xx_hal_spi.o
HAL_SPI_Receive_DMA                               build/stm32g4xx_hal_spi.o
HAL_SPI_Receive_IT                                build/stm32g4xx_hal_spi.o
HAL_SPI_RxCpltCallback                            build/stm32g4xx_hal_spi.o
HAL_SPI_RxHalfCpltCallback                        build/stm32g4xx_hal_spi.o
HAL_SPI_Transmit                                  build/stm32g4xx_hal_spi.o
HAL_SPI_TransmitReceive                           build/stm32g4xx_hal_spi.o
                                                  build/stm32g4xx_it.o
HAL_SPI_TransmitReceive_DMA                       build/stm32g4xx_hal_spi.o
HAL_SPI_TransmitReceive_IT                        build/stm32g4xx_hal_spi.o
HAL_SPI_Transmit_DMA                              build/stm32g4xx_hal_spi.o
HAL_SPI_Transmit_IT                               build/stm32g4xx_hal_spi.o
HAL_SPI_TxCpltCallback                            build/stm32g4xx_hal_spi.o
HAL_SPI_TxHalfCpltCallback                        build/stm32g4xx_hal_spi.o
HAL_SPI_TxRxCpltCallback                          build/stm32g4xx_hal_spi.o
HAL_SPI_TxRxHalfCpltCallback                      build/stm32g4xx_hal_spi.o
HAL_SYSCFG_CCMSRAMErase                           build/stm32g4xx_hal.o
HAL_SYSCFG_CCMSRAM_WriteProtectionEnable          build/stm32g4xx_hal.o
HAL_SYSCFG_DisableIOSwitchBooster                 build/stm32g4xx_hal.o
HAL_SYSCFG_DisableIOSwitchVDD                     build/stm32g4xx_hal.o
HAL_SYSCFG_DisableMemorySwappingBank              build/stm32g4xx_hal.o
HAL_SYSCFG_DisableVREFBUF                         build/stm32g4xx_hal.o
HAL_SYSCFG_EnableIOSwitchBooster                  build/stm32g4xx_hal.o
HAL_SYSCFG_EnableIOSwitchVDD                      build/stm32g4xx_hal.o
HAL_SYSCFG_EnableMemorySwappingBank               build/stm32g4xx_hal.o
HAL_SYSCFG_EnableVREFBUF                          build/stm32g4xx_hal.o
HAL_SYSCFG_VREFBUF_HighImpedanceConfig            build/stm32g4xx_hal.o
HAL_SYSCFG_VREFBUF_TrimmingConfig                 build/stm32g4xx_hal.o
HAL_SYSCFG_VREFBUF_VoltageScalingConfig           build/stm32g4xx_hal.o
HAL_SYSTICK_CLKSourceConfig                       build/stm32g4xx_hal_cortex.o
HAL_SYSTICK_Callback                              build/stm32g4xx_hal_cortex.o
HAL_SYSTICK_Config                                build/stm32g4xx_hal_cortex.o
                                                  build/stm32g4xx_hal.o
HAL_SYSTICK_IRQHandler                            build/stm32g4xx_hal_cortex.o
HAL_SetTickFreq                                   build/stm32g4xx_hal.o
HAL_SuspendTick                                   build/stm32g4xx_hal.o
HardFault_Handler                                 build/stm32g4xx_it.o
I2C1_ER_IRQHandler                                build/startup_stm32g431xx.o
I2C1_EV_IRQHandler                                build/startup_stm32g431xx.o
I2C2_ER_IRQHandler                                build/startup_stm32g431xx.o
I2C2_EV_IRQHandler                                build/startup_stm32g431xx.o
I2C3_ER_IRQHandler                                build/startup_stm32g431xx.o
I2C3_EV_IRQHandler                                build/startup_stm32g431xx.o
LPTIM1_IRQHandler                                 build/startup_stm32g431xx.o
LPUART1_IRQHandler                                build/startup_stm32g431xx.o
MS5803_ADC                                        build/ms5803.o
MS5803_coeff                                      build/ms5803.o
MS5803_coefficient                                build/main.o
                                                  build/ms5803.o
MS5803_get_values                                 build/ms5803.o
MS5803_read                                       build/ms5803.o
MS5803_reset                                      build/ms5803.o
MS5803_write                                      build/ms5803.o
MX_GPIO_Init                                      build/gpio.o
                                                  build/main.o
MX_I2C1_Init                                      build/i2c.o
                                                  build/main.o
MX_SPI3_Init                                      build/spi.o
                                                  build/main.o
MemManage_Handler                                 build/stm32g4xx_it.o
NMI_Handler                                       build/stm32g4xx_it.o
PVD_PVM_IRQHandler                                build/startup_stm32g431xx.o
PendSV_Handler                                    build/stm32g4xx_it.o
RCC_IRQHandler                                    build/startup_stm32g431xx.o
RNG_IRQHandler                                    build/startup_stm32g431xx.o
RTC_Alarm_IRQHandler                              build/startup_stm32g431xx.o
RTC_TAMP_LSECSS_IRQHandler                        build/startup_stm32g431xx.o
RTC_WKUP_IRQHandler                               build/startup_stm32g431xx.o
Reset_Handler                                     build/startup_stm32g431xx.o
SAI1_IRQHandler                                   build/startup_stm32g431xx.o
SPI1_IRQHandler                                   build/startup_stm32g431xx.o
SPI2_IRQHandler                                   build/startup_stm32g431xx.o
SPI3_IRQHandler                                   build/startup_stm32g431xx.o
SPI_CLEAR_DR                                      build/main.o
SPI_READ_DR                                       build/main.o
SPI_Receive                                       build/main.o
SPI_Transmit                                      build/main.o
SPI_TransmitReceive                               build/main.o
SPI_WAIT_NOT_BUSY                                 build/main.o
SPI_WAIT_RXNE                                     build/main.o
SPI_WAIT_TXE                                      build/main.o
SPI_WRITE_DR                                      build/main.o
SVC_Handler                                       build/stm32g4xx_it.o
SysTick_Handler                                   build/stm32g4xx_it.o
SystemClock_Config                                build/main.o
SystemCoreClock                                   build/system_stm32g4xx.o
                                                  build/stm32g4xx_hal_spi.o
                                                  build/stm32g4xx_hal_rcc.o
                                                  build/stm32g4xx_hal_pwr_ex.o
                                                  build/stm32g4xx_hal.o
SystemCoreClockUpdate                             build/system_stm32g4xx.o
SystemInit                                        build/system_stm32g4xx.o
                                                  build/startup_stm32g431xx.o
TIM1_BRK_TIM15_IRQHandler                         build/startup_stm32g431xx.o
TIM1_CC_IRQHandler                                build/startup_stm32g431xx.o
TIM1_TRG_COM_TIM17_IRQHandler                     build/startup_stm32g431xx.o
TIM1_UP_TIM16_IRQHandler                          build/startup_stm32g431xx.o
TIM2_IRQHandler                                   build/startup_stm32g431xx.o
TIM3_IRQHandler                                   build/startup_stm32g431xx.o
TIM4_IRQHandler                                   build/startup_stm32g431xx.o
TIM6_DAC_IRQHandler                               build/startup_stm32g431xx.o
TIM7_IRQHandler                                   build/startup_stm32g431xx.o
TIM8_BRK_IRQHandler                               build/startup_stm32g431xx.o
TIM8_CC_IRQHandler                                build/startup_stm32g431xx.o
TIM8_TRG_COM_IRQHandler                           build/startup_stm32g431xx.o
TIM8_UP_IRQHandler                                build/startup_stm32g431xx.o
UART4_IRQHandler                                  build/startup_stm32g431xx.o
UCPD1_IRQHandler                                  build/startup_stm32g431xx.o
USART1_IRQHandler                                 build/startup_stm32g431xx.o
USART2_IRQHandler                                 build/startup_stm32g431xx.o
USART3_IRQHandler                                 build/startup_stm32g431xx.o
USBWakeUp_IRQHandler                              build/startup_stm32g431xx.o
USB_HP_IRQHandler                                 build/startup_stm32g431xx.o
USB_LP_IRQHandler                                 build/startup_stm32g431xx.o
UsageFault_Handler                                build/stm32g4xx_it.o
WWDG_IRQHandler                                   build/startup_stm32g431xx.o
__adddf3                                          c:/Users/vmyhr/AppData/Roaming/Code/User/globalStorage/bmd.stm32-for-vscode/@xpack-dev-tools/arm-none-eabi-gcc/13.2.1-1.1.1/.content/bin/../lib/gcc/arm-none-eabi/13.2.1/thumb/v7e-m+fp/hard\libgcc.a(_arm_addsubdf3.o)
__aeabi_d2f                                       c:/Users/vmyhr/AppData/Roaming/Code/User/globalStorage/bmd.stm32-for-vscode/@xpack-dev-tools/arm-none-eabi-gcc/13.2.1-1.1.1/.content/bin/../lib/gcc/arm-none-eabi/13.2.1/thumb/v7e-m+fp/hard\libgcc.a(_arm_truncdfsf2.o)
                                                  build/ms5803.o
__aeabi_dadd                                      c:/Users/vmyhr/AppData/Roaming/Code/User/globalStorage/bmd.stm32-for-vscode/@xpack-dev-tools/arm-none-eabi-gcc/13.2.1-1.1.1/.content/bin/../lib/gcc/arm-none-eabi/13.2.1/thumb/v7e-m+fp/hard\libgcc.a(_arm_addsubdf3.o)
                                                  build/ms5803.o
__aeabi_dmul                                      c:/Users/vmyhr/AppData/Roaming/Code/User/globalStorage/bmd.stm32-for-vscode/@xpack-dev-tools/arm-none-eabi-gcc/13.2.1-1.1.1/.content/bin/../lib/gcc/arm-none-eabi/13.2.1/thumb/v7e-m+fp/hard\libgcc.a(_arm_muldf3.o)
                                                  build/ms5803.o
__aeabi_drsub                                     c:/Users/vmyhr/AppData/Roaming/Code/User/globalStorage/bmd.stm32-for-vscode/@xpack-dev-tools/arm-none-eabi-gcc/13.2.1-1.1.1/.content/bin/../lib/gcc/arm-none-eabi/13.2.1/thumb/v7e-m+fp/hard\libgcc.a(_arm_addsubdf3.o)
__aeabi_dsub                                      c:/Users/vmyhr/AppData/Roaming/Code/User/globalStorage/bmd.stm32-for-vscode/@xpack-dev-tools/arm-none-eabi-gcc/13.2.1-1.1.1/.content/bin/../lib/gcc/arm-none-eabi/13.2.1/thumb/v7e-m+fp/hard\libgcc.a(_arm_addsubdf3.o)
__aeabi_f2d                                       c:/Users/vmyhr/AppData/Roaming/Code/User/globalStorage/bmd.stm32-for-vscode/@xpack-dev-tools/arm-none-eabi-gcc/13.2.1-1.1.1/.content/bin/../lib/gcc/arm-none-eabi/13.2.1/thumb/v7e-m+fp/hard\libgcc.a(_arm_addsubdf3.o)
                                                  build/ms5803.o
__aeabi_i2d                                       c:/Users/vmyhr/AppData/Roaming/Code/User/globalStorage/bmd.stm32-for-vscode/@xpack-dev-tools/arm-none-eabi-gcc/13.2.1-1.1.1/.content/bin/../lib/gcc/arm-none-eabi/13.2.1/thumb/v7e-m+fp/hard\libgcc.a(_arm_addsubdf3.o)
__aeabi_l2d                                       c:/Users/vmyhr/AppData/Roaming/Code/User/globalStorage/bmd.stm32-for-vscode/@xpack-dev-tools/arm-none-eabi-gcc/13.2.1-1.1.1/.content/bin/../lib/gcc/arm-none-eabi/13.2.1/thumb/v7e-m+fp/hard\libgcc.a(_arm_addsubdf3.o)
__aeabi_ui2d                                      c:/Users/vmyhr/AppData/Roaming/Code/User/globalStorage/bmd.stm32-for-vscode/@xpack-dev-tools/arm-none-eabi-gcc/13.2.1-1.1.1/.content/bin/../lib/gcc/arm-none-eabi/13.2.1/thumb/v7e-m+fp/hard\libgcc.a(_arm_addsubdf3.o)
__aeabi_ul2d                                      c:/Users/vmyhr/AppData/Roaming/Code/User/globalStorage/bmd.stm32-for-vscode/@xpack-dev-tools/arm-none-eabi-gcc/13.2.1-1.1.1/.content/bin/../lib/gcc/arm-none-eabi/13.2.1/thumb/v7e-m+fp/hard\libgcc.a(_arm_addsubdf3.o)
__atexit                                          c:/Users/vmyhr/AppData/Roaming/Code/User/globalStorage/bmd.stm32-for-vscode/@xpack-dev-tools/arm-none-eabi-gcc/13.2.1-1.1.1/.content/bin/../lib/gcc/arm-none-eabi/13.2.1/../../../../arm-none-eabi/lib/thumb/v7e-m+fp/hard\libc_nano.a(libc_a-__call_atexit.o)
                                                  c:/Users/vmyhr/AppData/Roaming/Code/User/globalStorage/bmd.stm32-for-vscode/@xpack-dev-tools/arm-none-eabi-gcc/13.2.1-1.1.1/.content/bin/../lib/gcc/arm-none-eabi/13.2.1/../../../../arm-none-eabi/lib/thumb/v7e-m+fp/hard\libc_nano.a(libc_a-__atexit.o)
__atexit0                                         c:/Users/vmyhr/AppData/Roaming/Code/User/globalStorage/bmd.stm32-for-vscode/@xpack-dev-tools/arm-none-eabi-gcc/13.2.1-1.1.1/.content/bin/../lib/gcc/arm-none-eabi/13.2.1/../../../../arm-none-eabi/lib/thumb/v7e-m+fp/hard\libc_nano.a(libc_a-__atexit.o)
__atexit_dummy                                    c:/Users/vmyhr/AppData/Roaming/Code/User/globalStorage/bmd.stm32-for-vscode/@xpack-dev-tools/arm-none-eabi-gcc/13.2.1-1.1.1/.content/bin/../lib/gcc/arm-none-eabi/13.2.1/../../../../arm-none-eabi/lib/thumb/v7e-m+fp/hard\libc_nano.a(libc_a-__atexit.o)
__atexit_recursive_mutex                          c:/Users/vmyhr/AppData/Roaming/Code/User/globalStorage/bmd.stm32-for-vscode/@xpack-dev-tools/arm-none-eabi-gcc/13.2.1-1.1.1/.content/bin/../lib/gcc/arm-none-eabi/13.2.1/../../../../arm-none-eabi/lib/thumb/v7e-m+fp/hard\libc_nano.a(libc_a-__call_atexit.o)
                                                  c:/Users/vmyhr/AppData/Roaming/Code/User/globalStorage/bmd.stm32-for-vscode/@xpack-dev-tools/arm-none-eabi-gcc/13.2.1-1.1.1/.content/bin/../lib/gcc/arm-none-eabi/13.2.1/../../../../arm-none-eabi/lib/thumb/v7e-m+fp/hard\libc_nano.a(libc_a-__atexit.o)
__bss_end__                                       c:/Users/vmyhr/AppData/Roaming/Code/User/globalStorage/bmd.stm32-for-vscode/@xpack-dev-tools/arm-none-eabi-gcc/13.2.1-1.1.1/.content/bin/../lib/gcc/arm-none-eabi/13.2.1/../../../../arm-none-eabi/lib/thumb/v7e-m+fp/hard/crt0.o
__bss_start__                                     c:/Users/vmyhr/AppData/Roaming/Code/User/globalStorage/bmd.stm32-for-vscode/@xpack-dev-tools/arm-none-eabi-gcc/13.2.1-1.1.1/.content/bin/../lib/gcc/arm-none-eabi/13.2.1/../../../../arm-none-eabi/lib/thumb/v7e-m+fp/hard/crt0.o
__call_exitprocs                                  c:/Users/vmyhr/AppData/Roaming/Code/User/globalStorage/bmd.stm32-for-vscode/@xpack-dev-tools/arm-none-eabi-gcc/13.2.1-1.1.1/.content/bin/../lib/gcc/arm-none-eabi/13.2.1/../../../../arm-none-eabi/lib/thumb/v7e-m+fp/hard\libc_nano.a(libc_a-__call_atexit.o)
                                                  c:/Users/vmyhr/AppData/Roaming/Code/User/globalStorage/bmd.stm32-for-vscode/@xpack-dev-tools/arm-none-eabi-gcc/13.2.1-1.1.1/.content/bin/../lib/gcc/arm-none-eabi/13.2.1/../../../../arm-none-eabi/lib/thumb/v7e-m+fp/hard\libc_nano.a(libc_a-__atexit.o)
                                                  c:/Users/vmyhr/AppData/Roaming/Code/User/globalStorage/bmd.stm32-for-vscode/@xpack-dev-tools/arm-none-eabi-gcc/13.2.1-1.1.1/.content/bin/../lib/gcc/arm-none-eabi/13.2.1/../../../../arm-none-eabi/lib/thumb/v7e-m+fp/hard\libc_nano.a(libc_a-exit.o)
__deregister_frame_info                           c:/Users/vmyhr/AppData/Roaming/Code/User/globalStorage/bmd.stm32-for-vscode/@xpack-dev-tools/arm-none-eabi-gcc/13.2.1-1.1.1/.content/bin/../lib/gcc/arm-none-eabi/13.2.1/thumb/v7e-m+fp/hard/crtbegin.o
__dso_handle                                      c:/Users/vmyhr/AppData/Roaming/Code/User/globalStorage/bmd.stm32-for-vscode/@xpack-dev-tools/arm-none-eabi-gcc/13.2.1-1.1.1/.content/bin/../lib/gcc/arm-none-eabi/13.2.1/thumb/v7e-m+fp/hard/crtbegin.o
__extendsfdf2                                     c:/Users/vmyhr/AppData/Roaming/Code/User/globalStorage/bmd.stm32-for-vscode/@xpack-dev-tools/arm-none-eabi-gcc/13.2.1-1.1.1/.content/bin/../lib/gcc/arm-none-eabi/13.2.1/thumb/v7e-m+fp/hard\libgcc.a(_arm_addsubdf3.o)
__fini_array_end                                  c:/Users/vmyhr/AppData/Roaming/Code/User/globalStorage/bmd.stm32-for-vscode/@xpack-dev-tools/arm-none-eabi-gcc/13.2.1-1.1.1/.content/bin/../lib/gcc/arm-none-eabi/13.2.1/../../../../arm-none-eabi/lib/thumb/v7e-m+fp/hard\libc_nano.a(libc_a-fini.o)
__fini_array_start                                c:/Users/vmyhr/AppData/Roaming/Code/User/globalStorage/bmd.stm32-for-vscode/@xpack-dev-tools/arm-none-eabi-gcc/13.2.1-1.1.1/.content/bin/../lib/gcc/arm-none-eabi/13.2.1/../../../../arm-none-eabi/lib/thumb/v7e-m+fp/hard\libc_nano.a(libc_a-fini.o)
__floatdidf                                       c:/Users/vmyhr/AppData/Roaming/Code/User/globalStorage/bmd.stm32-for-vscode/@xpack-dev-tools/arm-none-eabi-gcc/13.2.1-1.1.1/.content/bin/../lib/gcc/arm-none-eabi/13.2.1/thumb/v7e-m+fp/hard\libgcc.a(_arm_addsubdf3.o)
__floatsidf                                       c:/Users/vmyhr/AppData/Roaming/Code/User/globalStorage/bmd.stm32-for-vscode/@xpack-dev-tools/arm-none-eabi-gcc/13.2.1-1.1.1/.content/bin/../lib/gcc/arm-none-eabi/13.2.1/thumb/v7e-m+fp/hard\libgcc.a(_arm_addsubdf3.o)
__floatundidf                                     c:/Users/vmyhr/AppData/Roaming/Code/User/globalStorage/bmd.stm32-for-vscode/@xpack-dev-tools/arm-none-eabi-gcc/13.2.1-1.1.1/.content/bin/../lib/gcc/arm-none-eabi/13.2.1/thumb/v7e-m+fp/hard\libgcc.a(_arm_addsubdf3.o)
__floatunsidf                                     c:/Users/vmyhr/AppData/Roaming/Code/User/globalStorage/bmd.stm32-for-vscode/@xpack-dev-tools/arm-none-eabi-gcc/13.2.1-1.1.1/.content/bin/../lib/gcc/arm-none-eabi/13.2.1/thumb/v7e-m+fp/hard\libgcc.a(_arm_addsubdf3.o)
__fp_lock_all                                     c:/Users/vmyhr/AppData/Roaming/Code/User/globalStorage/bmd.stm32-for-vscode/@xpack-dev-tools/arm-none-eabi-gcc/13.2.1-1.1.1/.content/bin/../lib/gcc/arm-none-eabi/13.2.1/../../../../arm-none-eabi/lib/thumb/v7e-m+fp/hard\libc_nano.a(libc_a-findfp.o)
__fp_unlock_all                                   c:/Users/vmyhr/AppData/Roaming/Code/User/globalStorage/bmd.stm32-for-vscode/@xpack-dev-tools/arm-none-eabi-gcc/13.2.1-1.1.1/.content/bin/../lib/gcc/arm-none-eabi/13.2.1/../../../../arm-none-eabi/lib/thumb/v7e-m+fp/hard\libc_nano.a(libc_a-findfp.o)
__init_array_end                                  c:/Users/vmyhr/AppData/Roaming/Code/User/globalStorage/bmd.stm32-for-vscode/@xpack-dev-tools/arm-none-eabi-gcc/13.2.1-1.1.1/.content/bin/../lib/gcc/arm-none-eabi/13.2.1/../../../../arm-none-eabi/lib/thumb/v7e-m+fp/hard\libc_nano.a(libc_a-init.o)
__init_array_start                                c:/Users/vmyhr/AppData/Roaming/Code/User/globalStorage/bmd.stm32-for-vscode/@xpack-dev-tools/arm-none-eabi-gcc/13.2.1-1.1.1/.content/bin/../lib/gcc/arm-none-eabi/13.2.1/../../../../arm-none-eabi/lib/thumb/v7e-m+fp/hard\libc_nano.a(libc_a-init.o)
__libc_fini_array                                 c:/Users/vmyhr/AppData/Roaming/Code/User/globalStorage/bmd.stm32-for-vscode/@xpack-dev-tools/arm-none-eabi-gcc/13.2.1-1.1.1/.content/bin/../lib/gcc/arm-none-eabi/13.2.1/../../../../arm-none-eabi/lib/thumb/v7e-m+fp/hard\libc_nano.a(libc_a-fini.o)
                                                  c:/Users/vmyhr/AppData/Roaming/Code/User/globalStorage/bmd.stm32-for-vscode/@xpack-dev-tools/arm-none-eabi-gcc/13.2.1-1.1.1/.content/bin/../lib/gcc/arm-none-eabi/13.2.1/../../../../arm-none-eabi/lib/thumb/v7e-m+fp/hard/crt0.o
__libc_init_array                                 c:/Users/vmyhr/AppData/Roaming/Code/User/globalStorage/bmd.stm32-for-vscode/@xpack-dev-tools/arm-none-eabi-gcc/13.2.1-1.1.1/.content/bin/../lib/gcc/arm-none-eabi/13.2.1/../../../../arm-none-eabi/lib/thumb/v7e-m+fp/hard\libc_nano.a(libc_a-init.o)
                                                  build/startup_stm32g431xx.o
                                                  c:/Users/vmyhr/AppData/Roaming/Code/User/globalStorage/bmd.stm32-for-vscode/@xpack-dev-tools/arm-none-eabi-gcc/13.2.1-1.1.1/.content/bin/../lib/gcc/arm-none-eabi/13.2.1/../../../../arm-none-eabi/lib/thumb/v7e-m+fp/hard/crt0.o
__lock___arc4random_mutex                         c:/Users/vmyhr/AppData/Roaming/Code/User/globalStorage/bmd.stm32-for-vscode/@xpack-dev-tools/arm-none-eabi-gcc/13.2.1-1.1.1/.content/bin/../lib/gcc/arm-none-eabi/13.2.1/../../../../arm-none-eabi/lib/thumb/v7e-m+fp/hard\libc_nano.a(libc_a-lock.o)
__lock___at_quick_exit_mutex                      c:/Users/vmyhr/AppData/Roaming/Code/User/globalStorage/bmd.stm32-for-vscode/@xpack-dev-tools/arm-none-eabi-gcc/13.2.1-1.1.1/.content/bin/../lib/gcc/arm-none-eabi/13.2.1/../../../../arm-none-eabi/lib/thumb/v7e-m+fp/hard\libc_nano.a(libc_a-lock.o)
__lock___atexit_recursive_mutex                   c:/Users/vmyhr/AppData/Roaming/Code/User/globalStorage/bmd.stm32-for-vscode/@xpack-dev-tools/arm-none-eabi-gcc/13.2.1-1.1.1/.content/bin/../lib/gcc/arm-none-eabi/13.2.1/../../../../arm-none-eabi/lib/thumb/v7e-m+fp/hard\libc_nano.a(libc_a-lock.o)
                                                  c:/Users/vmyhr/AppData/Roaming/Code/User/globalStorage/bmd.stm32-for-vscode/@xpack-dev-tools/arm-none-eabi-gcc/13.2.1-1.1.1/.content/bin/../lib/gcc/arm-none-eabi/13.2.1/../../../../arm-none-eabi/lib/thumb/v7e-m+fp/hard\libc_nano.a(libc_a-__call_atexit.o)
__lock___dd_hash_mutex                            c:/Users/vmyhr/AppData/Roaming/Code/User/globalStorage/bmd.stm32-for-vscode/@xpack-dev-tools/arm-none-eabi-gcc/13.2.1-1.1.1/.content/bin/../lib/gcc/arm-none-eabi/13.2.1/../../../../arm-none-eabi/lib/thumb/v7e-m+fp/hard\libc_nano.a(libc_a-lock.o)
__lock___env_recursive_mutex                      c:/Users/vmyhr/AppData/Roaming/Code/User/globalStorage/bmd.stm32-for-vscode/@xpack-dev-tools/arm-none-eabi-gcc/13.2.1-1.1.1/.content/bin/../lib/gcc/arm-none-eabi/13.2.1/../../../../arm-none-eabi/lib/thumb/v7e-m+fp/hard\libc_nano.a(libc_a-lock.o)
__lock___malloc_recursive_mutex                   c:/Users/vmyhr/AppData/Roaming/Code/User/globalStorage/bmd.stm32-for-vscode/@xpack-dev-tools/arm-none-eabi-gcc/13.2.1-1.1.1/.content/bin/../lib/gcc/arm-none-eabi/13.2.1/../../../../arm-none-eabi/lib/thumb/v7e-m+fp/hard\libc_nano.a(libc_a-lock.o)
                                                  c:/Users/vmyhr/AppData/Roaming/Code/User/globalStorage/bmd.stm32-for-vscode/@xpack-dev-tools/arm-none-eabi-gcc/13.2.1-1.1.1/.content/bin/../lib/gcc/arm-none-eabi/13.2.1/../../../../arm-none-eabi/lib/thumb/v7e-m+fp/hard\libc_nano.a(libc_a-mlock.o)
__lock___sfp_recursive_mutex                      c:/Users/vmyhr/AppData/Roaming/Code/User/globalStorage/bmd.stm32-for-vscode/@xpack-dev-tools/arm-none-eabi-gcc/13.2.1-1.1.1/.content/bin/../lib/gcc/arm-none-eabi/13.2.1/../../../../arm-none-eabi/lib/thumb/v7e-m+fp/hard\libc_nano.a(libc_a-lock.o)
                                                  c:/Users/vmyhr/AppData/Roaming/Code/User/globalStorage/bmd.stm32-for-vscode/@xpack-dev-tools/arm-none-eabi-gcc/13.2.1-1.1.1/.content/bin/../lib/gcc/arm-none-eabi/13.2.1/../../../../arm-none-eabi/lib/thumb/v7e-m+fp/hard\libc_nano.a(libc_a-findfp.o)
__lock___tz_mutex                                 c:/Users/vmyhr/AppData/Roaming/Code/User/globalStorage/bmd.stm32-for-vscode/@xpack-dev-tools/arm-none-eabi-gcc/13.2.1-1.1.1/.content/bin/../lib/gcc/arm-none-eabi/13.2.1/../../../../arm-none-eabi/lib/thumb/v7e-m+fp/hard\libc_nano.a(libc_a-lock.o)
__malloc_free_list                                c:/Users/vmyhr/AppData/Roaming/Code/User/globalStorage/bmd.stm32-for-vscode/@xpack-dev-tools/arm-none-eabi-gcc/13.2.1-1.1.1/.content/bin/../lib/gcc/arm-none-eabi/13.2.1/../../../../arm-none-eabi/lib/thumb/v7e-m+fp/hard\libc_nano.a(libc_a-mallocr.o)
                                                  c:/Users/vmyhr/AppData/Roaming/Code/User/globalStorage/bmd.stm32-for-vscode/@xpack-dev-tools/arm-none-eabi-gcc/13.2.1-1.1.1/.content/bin/../lib/gcc/arm-none-eabi/13.2.1/../../../../arm-none-eabi/lib/thumb/v7e-m+fp/hard\libc_nano.a(libc_a-freer.o)
__malloc_lock                                     c:/Users/vmyhr/AppData/Roaming/Code/User/globalStorage/bmd.stm32-for-vscode/@xpack-dev-tools/arm-none-eabi-gcc/13.2.1-1.1.1/.content/bin/../lib/gcc/arm-none-eabi/13.2.1/../../../../arm-none-eabi/lib/thumb/v7e-m+fp/hard\libc_nano.a(libc_a-mlock.o)
                                                  c:/Users/vmyhr/AppData/Roaming/Code/User/globalStorage/bmd.stm32-for-vscode/@xpack-dev-tools/arm-none-eabi-gcc/13.2.1-1.1.1/.content/bin/../lib/gcc/arm-none-eabi/13.2.1/../../../../arm-none-eabi/lib/thumb/v7e-m+fp/hard\libc_nano.a(libc_a-mallocr.o)
                                                  c:/Users/vmyhr/AppData/Roaming/Code/User/globalStorage/bmd.stm32-for-vscode/@xpack-dev-tools/arm-none-eabi-gcc/13.2.1-1.1.1/.content/bin/../lib/gcc/arm-none-eabi/13.2.1/../../../../arm-none-eabi/lib/thumb/v7e-m+fp/hard\libc_nano.a(libc_a-freer.o)
__malloc_sbrk_start                               c:/Users/vmyhr/AppData/Roaming/Code/User/globalStorage/bmd.stm32-for-vscode/@xpack-dev-tools/arm-none-eabi-gcc/13.2.1-1.1.1/.content/bin/../lib/gcc/arm-none-eabi/13.2.1/../../../../arm-none-eabi/lib/thumb/v7e-m+fp/hard\libc_nano.a(libc_a-mallocr.o)
__malloc_unlock                                   c:/Users/vmyhr/AppData/Roaming/Code/User/globalStorage/bmd.stm32-for-vscode/@xpack-dev-tools/arm-none-eabi-gcc/13.2.1-1.1.1/.content/bin/../lib/gcc/arm-none-eabi/13.2.1/../../../../arm-none-eabi/lib/thumb/v7e-m+fp/hard\libc_nano.a(libc_a-mlock.o)
                                                  c:/Users/vmyhr/AppData/Roaming/Code/User/globalStorage/bmd.stm32-for-vscode/@xpack-dev-tools/arm-none-eabi-gcc/13.2.1-1.1.1/.content/bin/../lib/gcc/arm-none-eabi/13.2.1/../../../../arm-none-eabi/lib/thumb/v7e-m+fp/hard\libc_nano.a(libc_a-mallocr.o)
                                                  c:/Users/vmyhr/AppData/Roaming/Code/User/globalStorage/bmd.stm32-for-vscode/@xpack-dev-tools/arm-none-eabi-gcc/13.2.1-1.1.1/.content/bin/../lib/gcc/arm-none-eabi/13.2.1/../../../../arm-none-eabi/lib/thumb/v7e-m+fp/hard\libc_nano.a(libc_a-freer.o)
__muldf3                                          c:/Users/vmyhr/AppData/Roaming/Code/User/globalStorage/bmd.stm32-for-vscode/@xpack-dev-tools/arm-none-eabi-gcc/13.2.1-1.1.1/.content/bin/../lib/gcc/arm-none-eabi/13.2.1/thumb/v7e-m+fp/hard\libgcc.a(_arm_muldf3.o)
__on_exit_args                                    c:/Users/vmyhr/AppData/Roaming/Code/User/globalStorage/bmd.stm32-for-vscode/@xpack-dev-tools/arm-none-eabi-gcc/13.2.1-1.1.1/.content/bin/../lib/gcc/arm-none-eabi/13.2.1/../../../../arm-none-eabi/lib/thumb/v7e-m+fp/hard\libc_nano.a(libc_a-__atexit.o)
__preinit_array_end                               c:/Users/vmyhr/AppData/Roaming/Code/User/globalStorage/bmd.stm32-for-vscode/@xpack-dev-tools/arm-none-eabi-gcc/13.2.1-1.1.1/.content/bin/../lib/gcc/arm-none-eabi/13.2.1/../../../../arm-none-eabi/lib/thumb/v7e-m+fp/hard\libc_nano.a(libc_a-init.o)
__preinit_array_start                             c:/Users/vmyhr/AppData/Roaming/Code/User/globalStorage/bmd.stm32-for-vscode/@xpack-dev-tools/arm-none-eabi-gcc/13.2.1-1.1.1/.content/bin/../lib/gcc/arm-none-eabi/13.2.1/../../../../arm-none-eabi/lib/thumb/v7e-m+fp/hard\libc_nano.a(libc_a-init.o)
__register_exitproc                               c:/Users/vmyhr/AppData/Roaming/Code/User/globalStorage/bmd.stm32-for-vscode/@xpack-dev-tools/arm-none-eabi-gcc/13.2.1-1.1.1/.content/bin/../lib/gcc/arm-none-eabi/13.2.1/../../../../arm-none-eabi/lib/thumb/v7e-m+fp/hard\libc_nano.a(libc_a-__atexit.o)
                                                  c:/Users/vmyhr/AppData/Roaming/Code/User/globalStorage/bmd.stm32-for-vscode/@xpack-dev-tools/arm-none-eabi-gcc/13.2.1-1.1.1/.content/bin/../lib/gcc/arm-none-eabi/13.2.1/../../../../arm-none-eabi/lib/thumb/v7e-m+fp/hard\libc_nano.a(libc_a-atexit.o)
__register_frame_info                             c:/Users/vmyhr/AppData/Roaming/Code/User/globalStorage/bmd.stm32-for-vscode/@xpack-dev-tools/arm-none-eabi-gcc/13.2.1-1.1.1/.content/bin/../lib/gcc/arm-none-eabi/13.2.1/thumb/v7e-m+fp/hard/crtbegin.o
__retarget_lock_acquire                           c:/Users/vmyhr/AppData/Roaming/Code/User/globalStorage/bmd.stm32-for-vscode/@xpack-dev-tools/arm-none-eabi-gcc/13.2.1-1.1.1/.content/bin/../lib/gcc/arm-none-eabi/13.2.1/../../../../arm-none-eabi/lib/thumb/v7e-m+fp/hard\libc_nano.a(libc_a-lock.o)
__retarget_lock_acquire_recursive                 c:/Users/vmyhr/AppData/Roaming/Code/User/globalStorage/bmd.stm32-for-vscode/@xpack-dev-tools/arm-none-eabi-gcc/13.2.1-1.1.1/.content/bin/../lib/gcc/arm-none-eabi/13.2.1/../../../../arm-none-eabi/lib/thumb/v7e-m+fp/hard\libc_nano.a(libc_a-lock.o)
                                                  c:/Users/vmyhr/AppData/Roaming/Code/User/globalStorage/bmd.stm32-for-vscode/@xpack-dev-tools/arm-none-eabi-gcc/13.2.1-1.1.1/.content/bin/../lib/gcc/arm-none-eabi/13.2.1/../../../../arm-none-eabi/lib/thumb/v7e-m+fp/hard\libc_nano.a(libc_a-fflush.o)
                                                  c:/Users/vmyhr/AppData/Roaming/Code/User/globalStorage/bmd.stm32-for-vscode/@xpack-dev-tools/arm-none-eabi-gcc/13.2.1-1.1.1/.content/bin/../lib/gcc/arm-none-eabi/13.2.1/../../../../arm-none-eabi/lib/thumb/v7e-m+fp/hard\libc_nano.a(libc_a-mlock.o)
                                                  c:/Users/vmyhr/AppData/Roaming/Code/User/globalStorage/bmd.stm32-for-vscode/@xpack-dev-tools/arm-none-eabi-gcc/13.2.1-1.1.1/.content/bin/../lib/gcc/arm-none-eabi/13.2.1/../../../../arm-none-eabi/lib/thumb/v7e-m+fp/hard\libc_nano.a(libc_a-__call_atexit.o)
                                                  c:/Users/vmyhr/AppData/Roaming/Code/User/globalStorage/bmd.stm32-for-vscode/@xpack-dev-tools/arm-none-eabi-gcc/13.2.1-1.1.1/.content/bin/../lib/gcc/arm-none-eabi/13.2.1/../../../../arm-none-eabi/lib/thumb/v7e-m+fp/hard\libc_nano.a(libc_a-__atexit.o)